#
# There is insufficient memory for the Java Runtime Environment to continue.
# Native memory allocation (malloc) failed to allocate 1438464 bytes. Error detail: Chunk::new
# Possible reasons:
#   The system is out of physical RAM or swap space
#   This process is running with CompressedOops enabled, and the Java Heap may be blocking the growth of the native heap
# Possible solutions:
#   Reduce memory load on the system
#   Increase physical memory or swap space
#   Check if swap backing store is full
#   Decrease Java heap size (-Xmx/-Xms)
#   Decrease number of Java threads
#   Decrease Java thread stack sizes (-Xss)
#   Set larger code cache with -XX:ReservedCodeCacheSize=
#   JVM is running with Zero Based Compressed Oops mode in which the Java heap is
#     placed in the first 32GB address space. The Java Heap base address is the
#     maximum limit for the native heap growth. Please use -XX:HeapBaseMinAddress
#     to set the Java Heap base and to place the Java Heap above 32GB virtual address.
# This output file may be truncated or incomplete.
#
#  Out of Memory Error (arena.cpp:168), pid=38068, tid=35716
#
# JRE version: OpenJDK Runtime Environment Temurin-21.0.10+7 (21.0.10+7) (build 21.0.10+7-LTS)
# Java VM: OpenJDK 64-Bit Server VM Temurin-21.0.10+7 (21.0.10+7-LTS, mixed mode, sharing, tiered, compressed oops, compressed class ptrs, g1 gc, windows-amd64)
# No core dump will be written. Minidumps are not enabled by default on client versions of Windows
#

---------------  S U M M A R Y ------------

Command Line: --add-opens=java.base/java.lang=ALL-UNNAMED --add-opens=java.base/java.lang.invoke=ALL-UNNAMED --add-opens=java.base/java.util=ALL-UNNAMED --add-opens=java.prefs/java.util.prefs=ALL-UNNAMED --add-exports=jdk.compiler/com.sun.tools.javac.api=ALL-UNNAMED --add-exports=jdk.compiler/com.sun.tools.javac.util=ALL-UNNAMED --add-opens=java.base/java.util=ALL-UNNAMED --add-opens=java.prefs/java.util.prefs=ALL-UNNAMED --add-opens=java.base/java.nio.charset=ALL-UNNAMED --add-opens=java.base/java.net=ALL-UNNAMED --add-opens=java.base/java.util.concurrent.atomic=ALL-UNNAMED --add-opens=java.xml/javax.xml.namespace=ALL-UNNAMED -XX:MaxMetaspaceSize=4G -XX:ReservedCodeCacheSize=512m -XX:+HeapDumpOnOutOfMemoryError -Xmx8G -Dfile.encoding=UTF-8 -Duser.country=GB -Duser.language=en -Duser.variant -javaagent:C:\Users\Ashen\.gradle\wrapper\dists\gradle-8.12-all\ejduaidbjup3bmmkhw3rie4zb\gradle-8.12\lib\agents\gradle-instrumentation-agent-8.12.jar org.gradle.launcher.daemon.bootstrap.GradleDaemon 8.12

Host: AMD Ryzen 5 5500U with Radeon Graphics         , 12 cores, 15G,  Windows 11 , 64 bit Build 26100 (10.0.26100.6725)
Time: Mon Mar  2 14:46:04 2026 Sri Lanka Standard Time elapsed time: 43.218141 seconds (0d 0h 0m 43s)

---------------  T H R E A D  ---------------

Current thread (0x000001d24db13870):  JavaThread "C2 CompilerThread0" daemon [_thread_in_native, id=35716, stack(0x0000004b92300000,0x0000004b92400000) (1024K)]


Current CompileTask:
C2:43218 13657       4       org.gradle.internal.execution.steps.BuildOperationStep$1::call (11 bytes)

Stack: [0x0000004b92300000,0x0000004b92400000]
Native frames: (J=compiled Java code, j=interpreted, Vv=VM code, C=native code)
V  [jvm.dll+0x6d7a39]
V  [jvm.dll+0x8b4b26]
V  [jvm.dll+0x8b70de]
V  [jvm.dll+0x8b77c3]
V  [jvm.dll+0x284346]
V  [jvm.dll+0xc66ed]
V  [jvm.dll+0xc6c31]
V  [jvm.dll+0x3bec3b]
V  [jvm.dll+0x1e3f69]
V  [jvm.dll+0x24c6b3]
V  [jvm.dll+0x24bb40]
V  [jvm.dll+0x1cb34e]
V  [jvm.dll+0x25b85d]
V  [jvm.dll+0x259dea]
V  [jvm.dll+0x3f857e]
V  [jvm.dll+0x85f59d]
V  [jvm.dll+0x6d626d]
C  [ucrtbase.dll+0x37b0]
C  [KERNEL32.DLL+0x2e8d7]
C  [ntdll.dll+0x8c53c]


---------------  P R O C E S S  ---------------

Threads class SMR info:
_java_thread_list=0x000001d24d978cd0, length=175, elements={
0x000001d21dfc01b0, 0x000001d24dafe6b0, 0x000001d24daffe30, 0x000001d24db0ab30,
0x000001d24db0b810, 0x000001d24db0cf90, 0x000001d24db0e710, 0x000001d24db13870,
0x000001d24db1db10, 0x000001d24e86e4b0, 0x000001d24e889760, 0x000001d295580400,
0x000001d2958081a0, 0x000001d295947db0, 0x000001d29593b420, 0x000001d2956ef400,
0x000001d29571c070, 0x000001d29571e660, 0x000001d295769b60, 0x000001d29576bc30,
0x000001d29576a880, 0x000001d29576b5a0, 0x000001d29576af10, 0x000001d29576a1f0,
0x000001d295768e40, 0x000001d2957694d0, 0x000001d296311740, 0x000001d29630f670,
0x000001d296311dd0, 0x000001d29630e950, 0x000001d296312460, 0x000001d296312af0,
0x000001d296310a20, 0x000001d2963158e0, 0x000001d296314bc0, 0x000001d296313ea0,
0x000001d296315250, 0x000001d29809b090, 0x000001d298099ce0, 0x000001d298099650,
0x000001d29809b720, 0x000001d298098fc0, 0x000001d29809a370, 0x000001d29809aa00,
0x000001d29809bdb0, 0x000001d298098930, 0x000001d29809eba0, 0x000001d29809f230,
0x000001d29809f8c0, 0x000001d29809cad0, 0x000001d29809d160, 0x000001d29809d7f0,
0x000001d29809de80, 0x000001d29809e510, 0x000001d29809c440, 0x000001d29809ff50,
0x000001d295de8800, 0x000001d295de7ae0, 0x000001d295de6dc0, 0x000001d295de8e90,
0x000001d295de5a10, 0x000001d295de7450, 0x000001d295de8170, 0x000001d295de9520,
0x000001d295de60a0, 0x000001d295de9bb0, 0x000001d295de6730, 0x000001d295dec310,
0x000001d295ded030, 0x000001d29a012860, 0x000001d29a0114b0, 0x000001d29a013c10,
0x000001d29a013580, 0x000001d29a0142a0, 0x000001d29a011b40, 0x000001d29a0121d0,
0x000001d29a012ef0, 0x000001d29a010e20, 0x000001d296642ea0, 0x000001d296644250,
0x000001d296643bc0, 0x000001d296644f70, 0x000001d296643530, 0x000001d2966448e0,
0x000001d296645600, 0x000001d296642810, 0x000001d296645c90, 0x000001d296647040,
0x000001d2966476d0, 0x000001d296647d60, 0x000001d2966483f0, 0x000001d296648a80,
0x000001d2966469b0, 0x000001d2966497a0, 0x000001d296646320, 0x000001d296649110,
0x000001d296649e30, 0x000001d29a2af5e0, 0x000001d29a2ae8c0, 0x000001d29a2afc70,
0x000001d29a2b0300, 0x000001d29a2b0990, 0x000001d29a2b1020, 0x000001d29a2adba0,
0x000001d29a2b16b0, 0x000001d29a2aef50, 0x000001d29a2ae230, 0x000001d29a2b3780,
0x000001d29a2b44a0, 0x000001d29a2b23d0, 0x000001d29a2b4b30, 0x000001d29a2b30f0,
0x000001d29a2b3e10, 0x000001d29a2b2a60, 0x000001d29a2b51c0, 0x000001d29a2b1d40,
0x000001d299032430, 0x000001d299033150, 0x000001d299030360, 0x000001d2990309f0,
0x000001d299032ac0, 0x000001d299031080, 0x000001d299031710, 0x000001d299031da0,
0x000001d29902fcd0, 0x000001d2990337e0, 0x000001d299034500, 0x000001d299034b90,
0x000001d2990358b0, 0x000001d299035220, 0x000001d299035f40, 0x000001d2990365d0,
0x000001d299036c60, 0x000001d2990372f0, 0x000001d299033e70, 0x000001d297811720,
0x000001d297813160, 0x000001d297811090, 0x000001d297813e80, 0x000001d297811db0,
0x000001d297812440, 0x000001d2978137f0, 0x000001d297812ad0, 0x000001d297810a00,
0x000001d297816c70, 0x000001d297817990, 0x000001d297815f50, 0x000001d2978165e0,
0x000001d297817300, 0x000001d297814ba0, 0x000001d299d506b0, 0x000001d299d54850,
0x000001d299d55570, 0x000001d299d55c00, 0x000001d299d56290, 0x000001d299d56920,
0x000001d299d56fb0, 0x000001d299d57640, 0x000001d299d57cd0, 0x000001d299d58360,
0x000001d299d54ee0, 0x000001d299d5aac0, 0x000001d299d5a430, 0x000001d299d59710,
0x000001d299d5b7e0, 0x000001d299d59080, 0x000001d299d5be70, 0x000001d299d59da0,
0x000001d299d5b150, 0x000001d299d589f0, 0x000001d299022350, 0x000001d299d5c500,
0x000001d299d5e5d0, 0x000001d29b000220, 0x000001d29b001c60
}

Java Threads: ( => current thread )
  0x000001d21dfc01b0 JavaThread "main"                              [_thread_blocked, id=1444, stack(0x0000004b91500000,0x0000004b91600000) (1024K)]
  0x000001d24dafe6b0 JavaThread "Reference Handler"          daemon [_thread_blocked, id=14640, stack(0x0000004b91d00000,0x0000004b91e00000) (1024K)]
  0x000001d24daffe30 JavaThread "Finalizer"                  daemon [_thread_blocked, id=3232, stack(0x0000004b91e00000,0x0000004b91f00000) (1024K)]
  0x000001d24db0ab30 JavaThread "Signal Dispatcher"          daemon [_thread_blocked, id=39980, stack(0x0000004b91f00000,0x0000004b92000000) (1024K)]
  0x000001d24db0b810 JavaThread "Attach Listener"            daemon [_thread_blocked, id=37144, stack(0x0000004b92000000,0x0000004b92100000) (1024K)]
  0x000001d24db0cf90 JavaThread "Service Thread"             daemon [_thread_blocked, id=33596, stack(0x0000004b92100000,0x0000004b92200000) (1024K)]
  0x000001d24db0e710 JavaThread "Monitor Deflation Thread"   daemon [_thread_blocked, id=41796, stack(0x0000004b92200000,0x0000004b92300000) (1024K)]
=>0x000001d24db13870 JavaThread "C2 CompilerThread0"         daemon [_thread_in_native, id=35716, stack(0x0000004b92300000,0x0000004b92400000) (1024K)]
  0x000001d24db1db10 JavaThread "C1 CompilerThread0"         daemon [_thread_blocked, id=39512, stack(0x0000004b92400000,0x0000004b92500000) (1024K)]
  0x000001d24e86e4b0 JavaThread "Common-Cleaner"             daemon [_thread_blocked, id=15884, stack(0x0000004b92500000,0x0000004b92600000) (1024K)]
  0x000001d24e889760 JavaThread "Notification Thread"        daemon [_thread_blocked, id=35272, stack(0x0000004b92600000,0x0000004b92700000) (1024K)]
  0x000001d295580400 JavaThread "Daemon health stats"               [_thread_blocked, id=39708, stack(0x0000004b92f00000,0x0000004b93000000) (1024K)]
  0x000001d2958081a0 JavaThread "Incoming local TCP Connector on port 61853"        [_thread_in_native, id=37992, stack(0x0000004b93000000,0x0000004b93100000) (1024K)]
  0x000001d295947db0 JavaThread "Daemon periodic checks"            [_thread_blocked, id=25284, stack(0x0000004b93100000,0x0000004b93200000) (1024K)]
  0x000001d29593b420 JavaThread "Daemon"                            [_thread_blocked, id=3808, stack(0x0000004b93200000,0x0000004b93300000) (1024K)]
  0x000001d2956ef400 JavaThread "Handler for socket connection from /127.0.0.1:61853 to /127.0.0.1:61854"        [_thread_in_native, id=39324, stack(0x0000004b93300000,0x0000004b93400000) (1024K)]
  0x000001d29571c070 JavaThread "Cancel handler"                    [_thread_blocked, id=29928, stack(0x0000004b93400000,0x0000004b93500000) (1024K)]
  0x000001d29571e660 JavaThread "Daemon worker"                     [_thread_in_native, id=33480, stack(0x0000004b93500000,0x0000004b93600000) (1024K)]
  0x000001d295769b60 JavaThread "Asynchronous log dispatcher for DefaultDaemonConnection: socket connection from /127.0.0.1:61853 to /127.0.0.1:61854"        [_thread_blocked, id=37576, stack(0x0000004b93600000,0x0000004b93700000) (1024K)]
  0x000001d29576bc30 JavaThread "Stdin handler"                     [_thread_blocked, id=33040, stack(0x0000004b93700000,0x0000004b93800000) (1024K)]
  0x000001d29576a880 JavaThread "Daemon client event forwarder"        [_thread_blocked, id=31072, stack(0x0000004b93800000,0x0000004b93900000) (1024K)]
  0x000001d29576b5a0 JavaThread "Cache worker for journal cache (C:\Users\Ashen\.gradle\caches\journal-1)"        [_thread_blocked, id=20536, stack(0x0000004b92700000,0x0000004b92800000) (1024K)]
  0x000001d29576af10 JavaThread "File lock request listener"        [_thread_in_native, id=39020, stack(0x0000004b93900000,0x0000004b93a00000) (1024K)]
  0x000001d29576a1f0 JavaThread "Cache worker for file hash cache (C:\Users\Ashen\.gradle\caches\8.12\fileHashes)"        [_thread_blocked, id=13800, stack(0x0000004b93a00000,0x0000004b93b00000) (1024K)]
  0x000001d295768e40 JavaThread "Cache worker for file hash cache (C:\Users\Ashen\OneDrive\Documents\Github\NeuroSpark-Learning-Platform-for-Dyslexic-Children\frontend\android\.gradle\8.12\fileHashes)"        [_thread_blocked, id=24052, stack(0x0000004b93f00000,0x0000004b94000000) (1024K)]
  0x000001d2957694d0 JavaThread "Cache worker for Build Output Cleanup Cache (C:\Users\Ashen\OneDrive\Documents\Github\NeuroSpark-Learning-Platform-for-Dyslexic-Children\frontend\android\.gradle\buildOutputCleanup)"        [_thread_blocked, id=3272, stack(0x0000004b94000000,0x0000004b94100000) (1024K)]
  0x000001d296311740 JavaThread "File watcher server"        daemon [_thread_in_native, id=39288, stack(0x0000004b94100000,0x0000004b94200000) (1024K)]
  0x000001d29630f670 JavaThread "File watcher consumer"      daemon [_thread_blocked, id=26144, stack(0x0000004b94200000,0x0000004b94300000) (1024K)]
  0x000001d296311dd0 JavaThread "Cache worker for checksums cache (C:\Users\Ashen\OneDrive\Documents\Github\NeuroSpark-Learning-Platform-for-Dyslexic-Children\frontend\android\.gradle\8.12\checksums)"        [_thread_blocked, id=26180, stack(0x0000004b94500000,0x0000004b94600000) (1024K)]
  0x000001d29630e950 JavaThread "Cache worker for file content cache (C:\Users\Ashen\.gradle\caches\8.12\fileContent)"        [_thread_blocked, id=39728, stack(0x0000004b94600000,0x0000004b94700000) (1024K)]
  0x000001d296312460 JavaThread "Cache worker for cache directory md-rule (C:\Users\Ashen\.gradle\caches\8.12\md-rule)"        [_thread_blocked, id=39856, stack(0x0000004b94700000,0x0000004b94800000) (1024K)]
  0x000001d296312af0 JavaThread "Cache worker for cache directory md-supplier (C:\Users\Ashen\.gradle\caches\8.12\md-supplier)"        [_thread_blocked, id=12700, stack(0x0000004b94800000,0x0000004b94900000) (1024K)]
  0x000001d296310a20 JavaThread "Cache worker for Build Output Cleanup Cache (C:\Users\Ashen\Downloads\flutter\packages\flutter_tools\gradle\.gradle\buildOutputCleanup)"        [_thread_blocked, id=18900, stack(0x0000004b94400000,0x0000004b94500000) (1024K)]
  0x000001d2963158e0 JavaThread "Unconstrained build operations"        [_thread_blocked, id=40344, stack(0x0000004b94a00000,0x0000004b94b00000) (1024K)]
  0x000001d296314bc0 JavaThread "Unconstrained build operations Thread 2"        [_thread_blocked, id=35148, stack(0x0000004b94b00000,0x0000004b94c00000) (1024K)]
  0x000001d296313ea0 JavaThread "Unconstrained build operations Thread 3"        [_thread_blocked, id=30348, stack(0x0000004b94c00000,0x0000004b94d00000) (1024K)]
  0x000001d296315250 JavaThread "Unconstrained build operations Thread 4"        [_thread_blocked, id=36344, stack(0x0000004b94d00000,0x0000004b94e00000) (1024K)]
  0x000001d29809b090 JavaThread "Unconstrained build operations Thread 5"        [_thread_blocked, id=26872, stack(0x0000004b94e00000,0x0000004b94f00000) (1024K)]
  0x000001d298099ce0 JavaThread "Unconstrained build operations Thread 6"        [_thread_blocked, id=35820, stack(0x0000004b94f00000,0x0000004b95000000) (1024K)]
  0x000001d298099650 JavaThread "Unconstrained build operations Thread 7"        [_thread_blocked, id=30912, stack(0x0000004b95000000,0x0000004b95100000) (1024K)]
  0x000001d29809b720 JavaThread "Unconstrained build operations Thread 8"        [_thread_blocked, id=41760, stack(0x0000004b95100000,0x0000004b95200000) (1024K)]
  0x000001d298098fc0 JavaThread "Unconstrained build operations Thread 9"        [_thread_blocked, id=32264, stack(0x0000004b95200000,0x0000004b95300000) (1024K)]
  0x000001d29809a370 JavaThread "Unconstrained build operations Thread 10"        [_thread_blocked, id=29568, stack(0x0000004b95300000,0x0000004b95400000) (1024K)]
  0x000001d29809aa00 JavaThread "Unconstrained build operations Thread 11"        [_thread_blocked, id=20620, stack(0x0000004b95400000,0x0000004b95500000) (1024K)]
  0x000001d29809bdb0 JavaThread "Unconstrained build operations Thread 12"        [_thread_blocked, id=37784, stack(0x0000004b95500000,0x0000004b95600000) (1024K)]
  0x000001d298098930 JavaThread "Unconstrained build operations Thread 13"        [_thread_blocked, id=38116, stack(0x0000004b95600000,0x0000004b95700000) (1024K)]
  0x000001d29809eba0 JavaThread "Unconstrained build operations Thread 14"        [_thread_blocked, id=35724, stack(0x0000004b95700000,0x0000004b95800000) (1024K)]
  0x000001d29809f230 JavaThread "Unconstrained build operations Thread 15"        [_thread_blocked, id=33556, stack(0x0000004b95800000,0x0000004b95900000) (1024K)]
  0x000001d29809f8c0 JavaThread "Unconstrained build operations Thread 16"        [_thread_blocked, id=26356, stack(0x0000004b95900000,0x0000004b95a00000) (1024K)]
  0x000001d29809cad0 JavaThread "Unconstrained build operations Thread 17"        [_thread_blocked, id=25540, stack(0x0000004b95a00000,0x0000004b95b00000) (1024K)]
  0x000001d29809d160 JavaThread "Unconstrained build operations Thread 18"        [_thread_blocked, id=34792, stack(0x0000004b95b00000,0x0000004b95c00000) (1024K)]
  0x000001d29809d7f0 JavaThread "Unconstrained build operations Thread 19"        [_thread_blocked, id=40304, stack(0x0000004b95c00000,0x0000004b95d00000) (1024K)]
  0x000001d29809de80 JavaThread "Unconstrained build operations Thread 20"        [_thread_blocked, id=22972, stack(0x0000004b95d00000,0x0000004b95e00000) (1024K)]
  0x000001d29809e510 JavaThread "Unconstrained build operations Thread 21"        [_thread_blocked, id=31804, stack(0x0000004b95e00000,0x0000004b95f00000) (1024K)]
  0x000001d29809c440 JavaThread "Unconstrained build operations Thread 22"        [_thread_blocked, id=27964, stack(0x0000004b95f00000,0x0000004b96000000) (1024K)]
  0x000001d29809ff50 JavaThread "Unconstrained build operations Thread 23"        [_thread_blocked, id=41328, stack(0x0000004b96000000,0x0000004b96100000) (1024K)]
  0x000001d295de8800 JavaThread "Unconstrained build operations Thread 24"        [_thread_blocked, id=33376, stack(0x0000004b96100000,0x0000004b96200000) (1024K)]
  0x000001d295de7ae0 JavaThread "Unconstrained build operations Thread 25"        [_thread_blocked, id=18008, stack(0x0000004b96200000,0x0000004b96300000) (1024K)]
  0x000001d295de6dc0 JavaThread "Unconstrained build operations Thread 26"        [_thread_blocked, id=22600, stack(0x0000004b96300000,0x0000004b96400000) (1024K)]
  0x000001d295de8e90 JavaThread "Unconstrained build operations Thread 27"        [_thread_blocked, id=2380, stack(0x0000004b96400000,0x0000004b96500000) (1024K)]
  0x000001d295de5a10 JavaThread "Unconstrained build operations Thread 28"        [_thread_blocked, id=23380, stack(0x0000004b96500000,0x0000004b96600000) (1024K)]
  0x000001d295de7450 JavaThread "Unconstrained build operations Thread 29"        [_thread_blocked, id=3688, stack(0x0000004b96600000,0x0000004b96700000) (1024K)]
  0x000001d295de8170 JavaThread "Unconstrained build operations Thread 30"        [_thread_blocked, id=41964, stack(0x0000004b96700000,0x0000004b96800000) (1024K)]
  0x000001d295de9520 JavaThread "Unconstrained build operations Thread 31"        [_thread_blocked, id=36572, stack(0x0000004b96800000,0x0000004b96900000) (1024K)]
  0x000001d295de60a0 JavaThread "Unconstrained build operations Thread 32"        [_thread_blocked, id=17612, stack(0x0000004b96900000,0x0000004b96a00000) (1024K)]
  0x000001d295de9bb0 JavaThread "Unconstrained build operations Thread 33"        [_thread_blocked, id=41212, stack(0x0000004b96a00000,0x0000004b96b00000) (1024K)]
  0x000001d295de6730 JavaThread "Memory manager"                    [_thread_blocked, id=25888, stack(0x0000004b96b00000,0x0000004b96c00000) (1024K)]
  0x000001d295dec310 JavaThread "build event listener"              [_thread_blocked, id=41580, stack(0x0000004b94900000,0x0000004b94a00000) (1024K)]
  0x000001d295ded030 JavaThread "included builds"                   [_thread_blocked, id=33112, stack(0x0000004b96c00000,0x0000004b96d00000) (1024K)]
  0x000001d29a012860 JavaThread "Execution worker"                  [_thread_blocked, id=41084, stack(0x0000004b96d00000,0x0000004b96e00000) (1024K)]
  0x000001d29a0114b0 JavaThread "Execution worker Thread 2"         [_thread_blocked, id=22728, stack(0x0000004b96e00000,0x0000004b96f00000) (1024K)]
  0x000001d29a013c10 JavaThread "Execution worker Thread 3"         [_thread_blocked, id=27876, stack(0x0000004b96f00000,0x0000004b97000000) (1024K)]
  0x000001d29a013580 JavaThread "Execution worker Thread 4"         [_thread_blocked, id=39956, stack(0x0000004b97000000,0x0000004b97100000) (1024K)]
  0x000001d29a0142a0 JavaThread "Execution worker Thread 5"         [_thread_blocked, id=38296, stack(0x0000004b97100000,0x0000004b97200000) (1024K)]
  0x000001d29a011b40 JavaThread "Execution worker Thread 6"         [_thread_blocked, id=22220, stack(0x0000004b97200000,0x0000004b97300000) (1024K)]
  0x000001d29a0121d0 JavaThread "Execution worker Thread 7"         [_thread_blocked, id=38308, stack(0x0000004b97300000,0x0000004b97400000) (1024K)]
  0x000001d29a012ef0 JavaThread "Execution worker Thread 8"         [_thread_blocked, id=15528, stack(0x0000004b97400000,0x0000004b97500000) (1024K)]
  0x000001d29a010e20 JavaThread "Execution worker Thread 9"         [_thread_blocked, id=39820, stack(0x0000004b97500000,0x0000004b97600000) (1024K)]
  0x000001d296642ea0 JavaThread "Execution worker Thread 10"        [_thread_blocked, id=38140, stack(0x0000004b97600000,0x0000004b97700000) (1024K)]
  0x000001d296644250 JavaThread "Execution worker Thread 11"        [_thread_blocked, id=41432, stack(0x0000004b97700000,0x0000004b97800000) (1024K)]
  0x000001d296643bc0 JavaThread "Cache worker for execution history cache (C:\Users\Ashen\Downloads\flutter\packages\flutter_tools\gradle\.gradle\8.12\executionHistory)"        [_thread_blocked, id=35644, stack(0x0000004b97800000,0x0000004b97900000) (1024K)]
  0x000001d296644f70 JavaThread "Unconstrained build operations Thread 34"        [_thread_blocked, id=26492, stack(0x0000004b97900000,0x0000004b97a00000) (1024K)]
  0x000001d296643530 JavaThread "Unconstrained build operations Thread 35"        [_thread_blocked, id=41460, stack(0x0000004b97a00000,0x0000004b97b00000) (1024K)]
  0x000001d2966448e0 JavaThread "Unconstrained build operations Thread 36"        [_thread_blocked, id=20820, stack(0x0000004b97b00000,0x0000004b97c00000) (1024K)]
  0x000001d296645600 JavaThread "Unconstrained build operations Thread 37"        [_thread_blocked, id=29112, stack(0x0000004b97c00000,0x0000004b97d00000) (1024K)]
  0x000001d296642810 JavaThread "Unconstrained build operations Thread 38"        [_thread_blocked, id=31972, stack(0x0000004b97d00000,0x0000004b97e00000) (1024K)]
  0x000001d296645c90 JavaThread "Unconstrained build operations Thread 39"        [_thread_blocked, id=39044, stack(0x0000004b97e00000,0x0000004b97f00000) (1024K)]
  0x000001d296647040 JavaThread "Unconstrained build operations Thread 40"        [_thread_blocked, id=29604, stack(0x0000004b97f00000,0x0000004b98000000) (1024K)]
  0x000001d2966476d0 JavaThread "Unconstrained build operations Thread 41"        [_thread_blocked, id=37428, stack(0x0000004b98000000,0x0000004b98100000) (1024K)]
  0x000001d296647d60 JavaThread "Unconstrained build operations Thread 42"        [_thread_blocked, id=41556, stack(0x0000004b98100000,0x0000004b98200000) (1024K)]
  0x000001d2966483f0 JavaThread "Unconstrained build operations Thread 43"        [_thread_blocked, id=39792, stack(0x0000004b98200000,0x0000004b98300000) (1024K)]
  0x000001d296648a80 JavaThread "Unconstrained build operations Thread 44"        [_thread_blocked, id=40492, stack(0x0000004b98300000,0x0000004b98400000) (1024K)]
  0x000001d2966469b0 JavaThread "Unconstrained build operations Thread 45"        [_thread_blocked, id=38376, stack(0x0000004b98400000,0x0000004b98500000) (1024K)]
  0x000001d2966497a0 JavaThread "Unconstrained build operations Thread 46"        [_thread_blocked, id=29652, stack(0x0000004b98500000,0x0000004b98600000) (1024K)]
  0x000001d296646320 JavaThread "Unconstrained build operations Thread 47"        [_thread_blocked, id=29480, stack(0x0000004b98600000,0x0000004b98700000) (1024K)]
  0x000001d296649110 JavaThread "Unconstrained build operations Thread 48"        [_thread_blocked, id=38240, stack(0x0000004b98700000,0x0000004b98800000) (1024K)]
  0x000001d296649e30 JavaThread "Unconstrained build operations Thread 49"        [_thread_blocked, id=6412, stack(0x0000004b98800000,0x0000004b98900000) (1024K)]
  0x000001d29a2af5e0 JavaThread "Unconstrained build operations Thread 50"        [_thread_blocked, id=27496, stack(0x0000004b98900000,0x0000004b98a00000) (1024K)]
  0x000001d29a2ae8c0 JavaThread "Unconstrained build operations Thread 51"        [_thread_blocked, id=20992, stack(0x0000004b98a00000,0x0000004b98b00000) (1024K)]
  0x000001d29a2afc70 JavaThread "Unconstrained build operations Thread 52"        [_thread_blocked, id=33268, stack(0x0000004b98b00000,0x0000004b98c00000) (1024K)]
  0x000001d29a2b0300 JavaThread "Unconstrained build operations Thread 53"        [_thread_blocked, id=21252, stack(0x0000004b98c00000,0x0000004b98d00000) (1024K)]
  0x000001d29a2b0990 JavaThread "Unconstrained build operations Thread 54"        [_thread_blocked, id=41816, stack(0x0000004b98d00000,0x0000004b98e00000) (1024K)]
  0x000001d29a2b1020 JavaThread "Unconstrained build operations Thread 55"        [_thread_blocked, id=36852, stack(0x0000004b98e00000,0x0000004b98f00000) (1024K)]
  0x000001d29a2adba0 JavaThread "Unconstrained build operations Thread 56"        [_thread_blocked, id=35288, stack(0x0000004b98f00000,0x0000004b99000000) (1024K)]
  0x000001d29a2b16b0 JavaThread "Unconstrained build operations Thread 57"        [_thread_blocked, id=41040, stack(0x0000004b99000000,0x0000004b99100000) (1024K)]
  0x000001d29a2aef50 JavaThread "Unconstrained build operations Thread 58"        [_thread_blocked, id=36336, stack(0x0000004b99100000,0x0000004b99200000) (1024K)]
  0x000001d29a2ae230 JavaThread "Unconstrained build operations Thread 59"        [_thread_blocked, id=23508, stack(0x0000004b99200000,0x0000004b99300000) (1024K)]
  0x000001d29a2b3780 JavaThread "Unconstrained build operations Thread 60"        [_thread_blocked, id=39316, stack(0x0000004b99300000,0x0000004b99400000) (1024K)]
  0x000001d29a2b44a0 JavaThread "Unconstrained build operations Thread 61"        [_thread_blocked, id=36496, stack(0x0000004b99400000,0x0000004b99500000) (1024K)]
  0x000001d29a2b23d0 JavaThread "Unconstrained build operations Thread 62"        [_thread_blocked, id=29388, stack(0x0000004b99500000,0x0000004b99600000) (1024K)]
  0x000001d29a2b4b30 JavaThread "Unconstrained build operations Thread 63"        [_thread_blocked, id=27544, stack(0x0000004b99600000,0x0000004b99700000) (1024K)]
  0x000001d29a2b30f0 JavaThread "Unconstrained build operations Thread 64"        [_thread_blocked, id=35320, stack(0x0000004b99700000,0x0000004b99800000) (1024K)]
  0x000001d29a2b3e10 JavaThread "Unconstrained build operations Thread 65"        [_thread_blocked, id=37080, stack(0x0000004b99800000,0x0000004b99900000) (1024K)]
  0x000001d29a2b2a60 JavaThread "Unconstrained build operations Thread 66"        [_thread_blocked, id=31436, stack(0x0000004b99900000,0x0000004b99a00000) (1024K)]
  0x000001d29a2b51c0 JavaThread "Unconstrained build operations Thread 67"        [_thread_blocked, id=20144, stack(0x0000004b99a00000,0x0000004b99b00000) (1024K)]
  0x000001d29a2b1d40 JavaThread "Unconstrained build operations Thread 68"        [_thread_blocked, id=35800, stack(0x0000004b99b00000,0x0000004b99c00000) (1024K)]
  0x000001d299032430 JavaThread "Unconstrained build operations Thread 69"        [_thread_blocked, id=37572, stack(0x0000004b99c00000,0x0000004b99d00000) (1024K)]
  0x000001d299033150 JavaThread "Unconstrained build operations Thread 70"        [_thread_blocked, id=29908, stack(0x0000004b99d00000,0x0000004b99e00000) (1024K)]
  0x000001d299030360 JavaThread "Unconstrained build operations Thread 71"        [_thread_blocked, id=24280, stack(0x0000004b99e00000,0x0000004b99f00000) (1024K)]
  0x000001d2990309f0 JavaThread "Unconstrained build operations Thread 72"        [_thread_blocked, id=21224, stack(0x0000004b99f00000,0x0000004b9a000000) (1024K)]
  0x000001d299032ac0 JavaThread "Unconstrained build operations Thread 73"        [_thread_blocked, id=20120, stack(0x0000004b9a000000,0x0000004b9a100000) (1024K)]
  0x000001d299031080 JavaThread "Unconstrained build operations Thread 74"        [_thread_blocked, id=30236, stack(0x0000004b9a100000,0x0000004b9a200000) (1024K)]
  0x000001d299031710 JavaThread "Unconstrained build operations Thread 75"        [_thread_blocked, id=23760, stack(0x0000004b9a200000,0x0000004b9a300000) (1024K)]
  0x000001d299031da0 JavaThread "Unconstrained build operations Thread 76"        [_thread_blocked, id=35508, stack(0x0000004b9a300000,0x0000004b9a400000) (1024K)]
  0x000001d29902fcd0 JavaThread "Unconstrained build operations Thread 77"        [_thread_blocked, id=40124, stack(0x0000004b9a400000,0x0000004b9a500000) (1024K)]
  0x000001d2990337e0 JavaThread "Unconstrained build operations Thread 78"        [_thread_blocked, id=27492, stack(0x0000004b9a500000,0x0000004b9a600000) (1024K)]
  0x000001d299034500 JavaThread "Unconstrained build operations Thread 79"        [_thread_blocked, id=20924, stack(0x0000004b9a600000,0x0000004b9a700000) (1024K)]
  0x000001d299034b90 JavaThread "Unconstrained build operations Thread 80"        [_thread_blocked, id=38668, stack(0x0000004b9a700000,0x0000004b9a800000) (1024K)]
  0x000001d2990358b0 JavaThread "Unconstrained build operations Thread 81"        [_thread_blocked, id=38900, stack(0x0000004b9a800000,0x0000004b9a900000) (1024K)]
  0x000001d299035220 JavaThread "Unconstrained build operations Thread 82"        [_thread_blocked, id=38792, stack(0x0000004b9a900000,0x0000004b9aa00000) (1024K)]
  0x000001d299035f40 JavaThread "Unconstrained build operations Thread 83"        [_thread_blocked, id=39544, stack(0x0000004b9aa00000,0x0000004b9ab00000) (1024K)]
  0x000001d2990365d0 JavaThread "Unconstrained build operations Thread 84"        [_thread_blocked, id=39076, stack(0x0000004b9ab00000,0x0000004b9ac00000) (1024K)]
  0x000001d299036c60 JavaThread "Unconstrained build operations Thread 85"        [_thread_blocked, id=39800, stack(0x0000004b9ac00000,0x0000004b9ad00000) (1024K)]
  0x000001d2990372f0 JavaThread "Unconstrained build operations Thread 86"        [_thread_blocked, id=38976, stack(0x0000004b9ad00000,0x0000004b9ae00000) (1024K)]
  0x000001d299033e70 JavaThread "Unconstrained build operations Thread 87"        [_thread_blocked, id=14288, stack(0x0000004b9ae00000,0x0000004b9af00000) (1024K)]
  0x000001d297811720 JavaThread "Unconstrained build operations Thread 88"        [_thread_blocked, id=36860, stack(0x0000004b9af00000,0x0000004b9b000000) (1024K)]
  0x000001d297813160 JavaThread "Unconstrained build operations Thread 89"        [_thread_blocked, id=22416, stack(0x0000004b9b000000,0x0000004b9b100000) (1024K)]
  0x000001d297811090 JavaThread "Unconstrained build operations Thread 90"        [_thread_blocked, id=39716, stack(0x0000004b9b100000,0x0000004b9b200000) (1024K)]
  0x000001d297813e80 JavaThread "Unconstrained build operations Thread 91"        [_thread_blocked, id=36996, stack(0x0000004b9b200000,0x0000004b9b300000) (1024K)]
  0x000001d297811db0 JavaThread "Unconstrained build operations Thread 92"        [_thread_blocked, id=37196, stack(0x0000004b9b300000,0x0000004b9b400000) (1024K)]
  0x000001d297812440 JavaThread "Unconstrained build operations Thread 93"        [_thread_blocked, id=30512, stack(0x0000004b9b400000,0x0000004b9b500000) (1024K)]
  0x000001d2978137f0 JavaThread "Unconstrained build operations Thread 94"        [_thread_blocked, id=36324, stack(0x0000004b9b500000,0x0000004b9b600000) (1024K)]
  0x000001d297812ad0 JavaThread "Unconstrained build operations Thread 95"        [_thread_blocked, id=34740, stack(0x0000004b9b600000,0x0000004b9b700000) (1024K)]
  0x000001d297810a00 JavaThread "Unconstrained build operations Thread 96"        [_thread_blocked, id=14236, stack(0x0000004b9b700000,0x0000004b9b800000) (1024K)]
  0x000001d297816c70 JavaThread "Unconstrained build operations Thread 97"        [_thread_blocked, id=35048, stack(0x0000004b9b800000,0x0000004b9b900000) (1024K)]
  0x000001d297817990 JavaThread "Unconstrained build operations Thread 98"        [_thread_blocked, id=27140, stack(0x0000004b9b900000,0x0000004b9ba00000) (1024K)]
  0x000001d297815f50 JavaThread "Unconstrained build operations Thread 99"        [_thread_blocked, id=22364, stack(0x0000004b9ba00000,0x0000004b9bb00000) (1024K)]
  0x000001d2978165e0 JavaThread "Unconstrained build operations Thread 100"        [_thread_blocked, id=38304, stack(0x0000004b9bb00000,0x0000004b9bc00000) (1024K)]
  0x000001d297817300 JavaThread "Unconstrained build operations Thread 101"        [_thread_blocked, id=35496, stack(0x0000004b9bc00000,0x0000004b9bd00000) (1024K)]
  0x000001d297814ba0 JavaThread "build event listener"              [_thread_blocked, id=25848, stack(0x0000004b94300000,0x0000004b94400000) (1024K)]
  0x000001d299d506b0 JavaThread "jar transforms"                    [_thread_blocked, id=41412, stack(0x0000004b9be00000,0x0000004b9bf00000) (1024K)]
  0x000001d299d54850 JavaThread "Unconstrained build operations Thread 102"        [_thread_blocked, id=41052, stack(0x0000004b9bd00000,0x0000004b9be00000) (1024K)]
  0x000001d299d55570 JavaThread "Unconstrained build operations Thread 103"        [_thread_blocked, id=41784, stack(0x0000004b9bf00000,0x0000004b9c000000) (1024K)]
  0x000001d299d55c00 JavaThread "Unconstrained build operations Thread 104"        [_thread_blocked, id=41716, stack(0x0000004b9c000000,0x0000004b9c100000) (1024K)]
  0x000001d299d56290 JavaThread "Unconstrained build operations Thread 105"        [_thread_blocked, id=41776, stack(0x0000004b9c100000,0x0000004b9c200000) (1024K)]
  0x000001d299d56920 JavaThread "Unconstrained build operations Thread 106"        [_thread_blocked, id=32340, stack(0x0000004b9c200000,0x0000004b9c300000) (1024K)]
  0x000001d299d56fb0 JavaThread "Unconstrained build operations Thread 107"        [_thread_blocked, id=41420, stack(0x0000004b9c300000,0x0000004b9c400000) (1024K)]
  0x000001d299d57640 JavaThread "Unconstrained build operations Thread 108"        [_thread_blocked, id=41612, stack(0x0000004b9c400000,0x0000004b9c500000) (1024K)]
  0x000001d299d57cd0 JavaThread "Unconstrained build operations Thread 109"        [_thread_blocked, id=38960, stack(0x0000004b9c500000,0x0000004b9c600000) (1024K)]
  0x000001d299d58360 JavaThread "Unconstrained build operations Thread 110"        [_thread_blocked, id=24476, stack(0x0000004b9c600000,0x0000004b9c700000) (1024K)]
  0x000001d299d54ee0 JavaThread "Unconstrained build operations Thread 111"        [_thread_blocked, id=36504, stack(0x0000004b9c700000,0x0000004b9c800000) (1024K)]
  0x000001d299d5aac0 JavaThread "Unconstrained build operations Thread 112"        [_thread_blocked, id=29240, stack(0x0000004b9c800000,0x0000004b9c900000) (1024K)]
  0x000001d299d5a430 JavaThread "Unconstrained build operations Thread 113"        [_thread_blocked, id=41140, stack(0x0000004b9c900000,0x0000004b9ca00000) (1024K)]
  0x000001d299d59710 JavaThread "Unconstrained build operations Thread 114"        [_thread_blocked, id=41340, stack(0x0000004b9ca00000,0x0000004b9cb00000) (1024K)]
  0x000001d299d5b7e0 JavaThread "Unconstrained build operations Thread 115"        [_thread_blocked, id=41276, stack(0x0000004b9cb00000,0x0000004b9cc00000) (1024K)]
  0x000001d299d59080 JavaThread "Unconstrained build operations Thread 116"        [_thread_blocked, id=41428, stack(0x0000004b9cc00000,0x0000004b9cd00000) (1024K)]
  0x000001d299d5be70 JavaThread "Unconstrained build operations Thread 117"        [_thread_blocked, id=41296, stack(0x0000004b9cd00000,0x0000004b9ce00000) (1024K)]
  0x000001d299d59da0 JavaThread "Unconstrained build operations Thread 118"        [_thread_blocked, id=22912, stack(0x0000004b9ce00000,0x0000004b9cf00000) (1024K)]
  0x000001d299d5b150 JavaThread "Unconstrained build operations Thread 119"        [_thread_blocked, id=31168, stack(0x0000004b9cf00000,0x0000004b9d000000) (1024K)]
  0x000001d299d589f0 JavaThread "Unconstrained build operations Thread 120"        [_thread_blocked, id=40892, stack(0x0000004b9d000000,0x0000004b9d100000) (1024K)]
  0x000001d299022350 JavaThread "C2 CompilerThread1"         daemon [_thread_in_native, id=31232, stack(0x0000004b9d100000,0x0000004b9d200000) (1024K)]
  0x000001d299d5c500 JavaThread "jar transforms Thread 2"           [_thread_blocked, id=18164, stack(0x0000004b9d300000,0x0000004b9d400000) (1024K)]
  0x000001d299d5e5d0 JavaThread "Problems report writer"            [_thread_blocked, id=39784, stack(0x0000004b9d400000,0x0000004b9d500000) (1024K)]
  0x000001d29b000220 JavaThread "jar transforms Thread 3"           [_thread_blocked, id=38052, stack(0x0000004b9d200000,0x0000004b9d300000) (1024K)]
  0x000001d29b001c60 JavaThread "jar transforms Thread 4"           [_thread_blocked, id=15648, stack(0x0000004b9d500000,0x0000004b9d600000) (1024K)]
Total: 175

Other Threads:
  0x000001d24dae61c0 VMThread "VM Thread"                           [id=21800, stack(0x0000004b91c00000,0x0000004b91d00000) (1024K)]
  0x000001d24dad5ff0 WatcherThread "VM Periodic Task Thread"        [id=25392, stack(0x0000004b91b00000,0x0000004b91c00000) (1024K)]
  0x000001d21e0696d0 WorkerThread "GC Thread#0"                     [id=31136, stack(0x0000004b91600000,0x0000004b91700000) (1024K)]
  0x000001d24e9ce4a0 WorkerThread "GC Thread#1"                     [id=41780, stack(0x0000004b92800000,0x0000004b92900000) (1024K)]
  0x000001d24e88a550 WorkerThread "GC Thread#2"                     [id=38820, stack(0x0000004b92900000,0x0000004b92a00000) (1024K)]
  0x000001d24e88a900 WorkerThread "GC Thread#3"                     [id=25476, stack(0x0000004b92a00000,0x0000004b92b00000) (1024K)]
  0x000001d24e88acb0 WorkerThread "GC Thread#4"                     [id=41092, stack(0x0000004b92b00000,0x0000004b92c00000) (1024K)]
  0x000001d2954b0bf0 WorkerThread "GC Thread#5"                     [id=27124, stack(0x0000004b92c00000,0x0000004b92d00000) (1024K)]
  0x000001d2954b0fa0 WorkerThread "GC Thread#6"                     [id=35572, stack(0x0000004b92d00000,0x0000004b92e00000) (1024K)]
  0x000001d2956baf80 WorkerThread "GC Thread#7"                     [id=38944, stack(0x0000004b92e00000,0x0000004b92f00000) (1024K)]
  0x000001d2968c62e0 WorkerThread "GC Thread#8"                     [id=26288, stack(0x0000004b93b00000,0x0000004b93c00000) (1024K)]
  0x000001d2968c6a40 WorkerThread "GC Thread#9"                     [id=40872, stack(0x0000004b93c00000,0x0000004b93d00000) (1024K)]
  0x000001d21e07b450 ConcurrentGCThread "G1 Main Marker"            [id=33000, stack(0x0000004b91700000,0x0000004b91800000) (1024K)]
  0x000001d21e07be70 WorkerThread "G1 Conc#0"                       [id=24256, stack(0x0000004b91800000,0x0000004b91900000) (1024K)]
  0x000001d2968c5420 WorkerThread "G1 Conc#1"                       [id=28804, stack(0x0000004b93d00000,0x0000004b93e00000) (1024K)]
  0x000001d2968c6df0 WorkerThread "G1 Conc#2"                       [id=26192, stack(0x0000004b93e00000,0x0000004b93f00000) (1024K)]
  0x000001d24d9a1bd0 ConcurrentGCThread "G1 Refine#0"               [id=2512, stack(0x0000004b91900000,0x0000004b91a00000) (1024K)]
  0x000001d24d9a2660 ConcurrentGCThread "G1 Service"                [id=30936, stack(0x0000004b91a00000,0x0000004b91b00000) (1024K)]
Total: 18

Threads with active compile tasks:
C2 CompilerThread0  43297 13657       4       org.gradle.internal.execution.steps.BuildOperationStep$1::call (11 bytes)
C2 CompilerThread1  43297 13665   !   4       com.google.common.cache.LocalCache$Segment::put (439 bytes)
Total: 2

VM state: not at safepoint (normal execution)

VM Mutex/Monitor currently owned by a thread: None

Heap address: 0x0000000600000000, size: 8192 MB, Compressed Oops mode: Zero based, Oop shift amount: 3

CDS archive(s) mapped at: [0x000001d24f000000-0x000001d24fba0000-0x000001d24fba0000), size 12189696, SharedBaseAddress: 0x000001d24f000000, ArchiveRelocationMode: 1.
Compressed class space mapped at: 0x000001d250000000-0x000001d290000000, reserved size: 1073741824
Narrow klass base: 0x000001d24f000000, Narrow klass shift: 0, Narrow klass range: 0x100000000

GC Precious Log:
 CardTable entry size: 512
 Card Set container configuration: InlinePtr #cards 4 size 8 Array Of Cards #cards 32 size 80 Howl #buckets 8 coarsen threshold 7372 Howl Bitmap #cards 1024 size 144 coarsen threshold 921 Card regions per heap region 1 cards per card region 8192
 CPUs: 12 total, 12 available
 Memory: 15753M
 Large Page Support: Disabled
 NUMA Support: Disabled
 Compressed Oops: Enabled (Zero based)
 Heap Region Size: 4M
 Heap Min Capacity: 8M
 Heap Initial Capacity: 248M
 Heap Max Capacity: 8G
 Pre-touch: Disabled
 Parallel Workers: 10
 Concurrent Workers: 3
 Concurrent Refinement Workers: 10
 Periodic GC: Disabled

Heap:
 garbage-first heap   total 266240K, used 147916K [0x0000000600000000, 0x0000000800000000)
  region size 4096K, 4 young (16384K), 3 survivors (12288K)
 Metaspace       used 104523K, committed 107008K, reserved 1179648K
  class space    used 15024K, committed 16256K, reserved 1048576K

Heap Regions: E=young(eden), S=young(survivor), O=old, HS=humongous(starts), HC=humongous(continues), CS=collection set, F=free, TAMS=top-at-mark-start, PB=parsable bottom
|   0|0x0000000600000000, 0x0000000600400000, 0x0000000600400000|100%|HS|  |TAMS 0x0000000600400000| PB 0x0000000600000000| Complete 
|   1|0x0000000600400000, 0x0000000600800000, 0x0000000600800000|100%| O|  |TAMS 0x0000000600800000| PB 0x0000000600400000| Untracked 
|   2|0x0000000600800000, 0x0000000600c00000, 0x0000000600c00000|100%| O|  |TAMS 0x0000000600c00000| PB 0x0000000600800000| Untracked 
|   3|0x0000000600c00000, 0x0000000601000000, 0x0000000601000000|100%| O|  |TAMS 0x0000000601000000| PB 0x0000000600c00000| Untracked 
|   4|0x0000000601000000, 0x0000000601400000, 0x0000000601400000|100%| O|  |TAMS 0x0000000601400000| PB 0x0000000601000000| Untracked 
|   5|0x0000000601400000, 0x0000000601800000, 0x0000000601800000|100%| O|  |TAMS 0x0000000601800000| PB 0x0000000601400000| Untracked 
|   6|0x0000000601800000, 0x0000000601c00000, 0x0000000601c00000|100%| O|  |TAMS 0x0000000601c00000| PB 0x0000000601800000| Untracked 
|   7|0x0000000601c00000, 0x0000000602000000, 0x0000000602000000|100%|HS|  |TAMS 0x0000000602000000| PB 0x0000000601c00000| Complete 
|   8|0x0000000602000000, 0x0000000602400000, 0x0000000602400000|100%| O|  |TAMS 0x0000000602400000| PB 0x0000000602000000| Untracked 
|   9|0x0000000602400000, 0x0000000602800000, 0x0000000602800000|100%| O|  |TAMS 0x0000000602800000| PB 0x0000000602400000| Untracked 
|  10|0x0000000602800000, 0x0000000602c00000, 0x0000000602c00000|100%|HS|  |TAMS 0x0000000602c00000| PB 0x0000000602800000| Complete 
|  11|0x0000000602c00000, 0x0000000603000000, 0x0000000603000000|100%| O|  |TAMS 0x0000000603000000| PB 0x0000000602c00000| Untracked 
|  12|0x0000000603000000, 0x0000000603400000, 0x0000000603400000|100%| O|  |TAMS 0x0000000603400000| PB 0x0000000603000000| Untracked 
|  13|0x0000000603400000, 0x0000000603800000, 0x0000000603800000|100%| O|  |TAMS 0x0000000603800000| PB 0x0000000603400000| Untracked 
|  14|0x0000000603800000, 0x0000000603c00000, 0x0000000603c00000|100%| O|  |TAMS 0x0000000603c00000| PB 0x0000000603800000| Untracked 
|  15|0x0000000603c00000, 0x0000000604000000, 0x0000000604000000|100%| O|  |TAMS 0x0000000604000000| PB 0x0000000603c00000| Untracked 
|  16|0x0000000604000000, 0x0000000604400000, 0x0000000604400000|100%| O|  |TAMS 0x0000000604400000| PB 0x0000000604000000| Untracked 
|  17|0x0000000604400000, 0x0000000604800000, 0x0000000604800000|100%| O|  |TAMS 0x0000000604800000| PB 0x0000000604400000| Untracked 
|  18|0x0000000604800000, 0x0000000604c00000, 0x0000000604c00000|100%| O|  |TAMS 0x0000000604c00000| PB 0x0000000604800000| Untracked 
|  19|0x0000000604c00000, 0x0000000605000000, 0x0000000605000000|100%| O|  |TAMS 0x0000000605000000| PB 0x0000000604c00000| Untracked 
|  20|0x0000000605000000, 0x0000000605400000, 0x0000000605400000|100%| O|  |TAMS 0x0000000605400000| PB 0x0000000605000000| Untracked 
|  21|0x0000000605400000, 0x00000006055e0768, 0x0000000605800000| 46%| O|  |TAMS 0x0000000605400000| PB 0x0000000605400000| Untracked 
|  22|0x0000000605800000, 0x0000000605c00000, 0x0000000605c00000|100%| O|  |TAMS 0x0000000605c00000| PB 0x0000000605800000| Untracked 
|  23|0x0000000605c00000, 0x0000000606000000, 0x0000000606000000|100%| O|  |TAMS 0x0000000606000000| PB 0x0000000605c00000| Untracked 
|  24|0x0000000606000000, 0x0000000606400000, 0x0000000606400000|100%| O|  |TAMS 0x0000000606400000| PB 0x0000000606000000| Untracked 
|  25|0x0000000606400000, 0x0000000606800000, 0x0000000606800000|100%| O|  |TAMS 0x0000000606800000| PB 0x0000000606400000| Untracked 
|  26|0x0000000606800000, 0x0000000606c00000, 0x0000000606c00000|100%| O|  |TAMS 0x000000060692f850| PB 0x0000000606800000| Untracked 
|  27|0x0000000606c00000, 0x0000000607000000, 0x0000000607000000|100%| O|  |TAMS 0x0000000607000000| PB 0x0000000606c00000| Untracked 
|  28|0x0000000607000000, 0x0000000607400000, 0x0000000607400000|100%| O|  |TAMS 0x0000000607400000| PB 0x0000000607000000| Untracked 
|  29|0x0000000607400000, 0x0000000607800000, 0x0000000607800000|100%|HS|  |TAMS 0x0000000607400000| PB 0x0000000607400000| Complete 
|  30|0x0000000607800000, 0x0000000607800000, 0x0000000607c00000|  0%| F|  |TAMS 0x0000000607800000| PB 0x0000000607800000| Untracked 
|  31|0x0000000607c00000, 0x0000000608000000, 0x0000000608000000|100%| O|  |TAMS 0x0000000608000000| PB 0x0000000607c00000| Untracked 
|  32|0x0000000608000000, 0x0000000608000000, 0x0000000608400000|  0%| F|  |TAMS 0x0000000608000000| PB 0x0000000608000000| Untracked 
|  33|0x0000000608400000, 0x0000000608400000, 0x0000000608800000|  0%| F|  |TAMS 0x0000000608400000| PB 0x0000000608400000| Untracked 
|  34|0x0000000608800000, 0x0000000608800000, 0x0000000608c00000|  0%| F|  |TAMS 0x0000000608800000| PB 0x0000000608800000| Untracked 
|  35|0x0000000608c00000, 0x0000000608c00000, 0x0000000609000000|  0%| F|  |TAMS 0x0000000608c00000| PB 0x0000000608c00000| Untracked 
|  36|0x0000000609000000, 0x0000000609000000, 0x0000000609400000|  0%| F|  |TAMS 0x0000000609000000| PB 0x0000000609000000| Untracked 
|  37|0x0000000609400000, 0x0000000609400000, 0x0000000609800000|  0%| F|  |TAMS 0x0000000609400000| PB 0x0000000609400000| Untracked 
|  38|0x0000000609800000, 0x0000000609800000, 0x0000000609c00000|  0%| F|  |TAMS 0x0000000609800000| PB 0x0000000609800000| Untracked 
|  39|0x0000000609c00000, 0x0000000609c00000, 0x000000060a000000|  0%| F|  |TAMS 0x0000000609c00000| PB 0x0000000609c00000| Untracked 
|  40|0x000000060a000000, 0x000000060a000000, 0x000000060a400000|  0%| F|  |TAMS 0x000000060a000000| PB 0x000000060a000000| Untracked 
|  41|0x000000060a400000, 0x000000060a400000, 0x000000060a800000|  0%| F|  |TAMS 0x000000060a400000| PB 0x000000060a400000| Untracked 
|  42|0x000000060a800000, 0x000000060a800000, 0x000000060ac00000|  0%| F|  |TAMS 0x000000060a800000| PB 0x000000060a800000| Untracked 
|  43|0x000000060ac00000, 0x000000060ac00000, 0x000000060b000000|  0%| F|  |TAMS 0x000000060ac00000| PB 0x000000060ac00000| Untracked 
|  44|0x000000060b000000, 0x000000060b000000, 0x000000060b400000|  0%| F|  |TAMS 0x000000060b000000| PB 0x000000060b000000| Untracked 
|  45|0x000000060b400000, 0x000000060b400000, 0x000000060b800000|  0%| F|  |TAMS 0x000000060b400000| PB 0x000000060b400000| Untracked 
|  46|0x000000060b800000, 0x000000060b800000, 0x000000060bc00000|  0%| F|  |TAMS 0x000000060b800000| PB 0x000000060b800000| Untracked 
|  47|0x000000060bc00000, 0x000000060bc00000, 0x000000060c000000|  0%| F|  |TAMS 0x000000060bc00000| PB 0x000000060bc00000| Untracked 
|  48|0x000000060c000000, 0x000000060c000000, 0x000000060c400000|  0%| F|  |TAMS 0x000000060c000000| PB 0x000000060c000000| Untracked 
|  49|0x000000060c400000, 0x000000060c400000, 0x000000060c800000|  0%| F|  |TAMS 0x000000060c400000| PB 0x000000060c400000| Untracked 
|  50|0x000000060c800000, 0x000000060c800000, 0x000000060cc00000|  0%| F|  |TAMS 0x000000060c800000| PB 0x000000060c800000| Untracked 
|  51|0x000000060cc00000, 0x000000060cc00000, 0x000000060d000000|  0%| F|  |TAMS 0x000000060cc00000| PB 0x000000060cc00000| Untracked 
|  52|0x000000060d000000, 0x000000060d000000, 0x000000060d400000|  0%| F|  |TAMS 0x000000060d000000| PB 0x000000060d000000| Untracked 
|  53|0x000000060d400000, 0x000000060d400000, 0x000000060d800000|  0%| F|  |TAMS 0x000000060d400000| PB 0x000000060d400000| Untracked 
|  54|0x000000060d800000, 0x000000060da92c00, 0x000000060dc00000| 64%| S|CS|TAMS 0x000000060d800000| PB 0x000000060d800000| Complete 
|  55|0x000000060dc00000, 0x000000060e000000, 0x000000060e000000|100%| S|CS|TAMS 0x000000060dc00000| PB 0x000000060dc00000| Complete 
|  56|0x000000060e000000, 0x000000060e400000, 0x000000060e400000|100%| S|CS|TAMS 0x000000060e000000| PB 0x000000060e000000| Complete 
|  57|0x000000060e400000, 0x000000060e400000, 0x000000060e800000|  0%| F|  |TAMS 0x000000060e400000| PB 0x000000060e400000| Untracked 
|  58|0x000000060e800000, 0x000000060e800000, 0x000000060ec00000|  0%| F|  |TAMS 0x000000060e800000| PB 0x000000060e800000| Untracked 
|  59|0x000000060ec00000, 0x000000060ec00000, 0x000000060f000000|  0%| F|  |TAMS 0x000000060ec00000| PB 0x000000060ec00000| Untracked 
|  61|0x000000060f400000, 0x000000060f400000, 0x000000060f800000|  0%| F|  |TAMS 0x000000060f400000| PB 0x000000060f400000| Untracked 
|2044|0x00000007ff000000, 0x00000007ff394d60, 0x00000007ff400000| 89%| E|  |TAMS 0x00000007ff000000| PB 0x00000007ff000000| Complete 
|2045|0x00000007ff400000, 0x00000007ff800000, 0x00000007ff800000|100%| O|  |TAMS 0x00000007ff800000| PB 0x00000007ff400000| Untracked 
|2046|0x00000007ff800000, 0x00000007ffc00000, 0x00000007ffc00000|100%| O|  |TAMS 0x00000007ffc00000| PB 0x00000007ff800000| Untracked 
|2047|0x00000007ffc00000, 0x0000000800000000, 0x0000000800000000|100%| O|  |TAMS 0x0000000800000000| PB 0x00000007ffc00000| Untracked 

Card table byte_map: [0x000001d242930000,0x000001d243930000] _byte_map_base: 0x000001d23f930000

Marking Bits: (CMBitMap*) 0x000001d21e069cf0
 Bits: [0x000001d243930000, 0x000001d24b930000)

Polling page: 0x000001d21be00000

Metaspace:

Usage:
  Non-class:     87.40 MB used.
      Class:     14.67 MB used.
       Both:    102.07 MB used.

Virtual space:
  Non-class space:      128.00 MB reserved,      88.62 MB ( 69%) committed,  2 nodes.
      Class space:        1.00 GB reserved,      15.88 MB (  2%) committed,  1 nodes.
             Both:        1.12 GB reserved,     104.50 MB (  9%) committed. 

Chunk freelists:
   Non-Class:  6.45 MB
       Class:  44.00 KB
        Both:  6.50 MB

MaxMetaspaceSize: 4.00 GB
CompressedClassSpaceSize: 1.00 GB
Initial GC threshold: 21.00 MB
Current GC threshold: 172.31 MB
CDS: on
 - commit_granule_bytes: 65536.
 - commit_granule_words: 8192.
 - virtual_space_node_default_size: 8388608.
 - enlarge_chunks_in_place: 1.
 - use_allocation_guard: 0.


Internal statistics:

num_allocs_failed_limit: 9.
num_arena_births: 4350.
num_arena_deaths: 0.
num_vsnodes_births: 3.
num_vsnodes_deaths: 0.
num_space_committed: 1672.
num_space_uncommitted: 0.
num_chunks_returned_to_freelist: 9.
num_chunks_taken_from_freelist: 9300.
num_chunk_merges: 6.
num_chunk_splits: 6085.
num_chunks_enlarged: 3848.
num_inconsistent_stats: 0.

CodeHeap 'non-profiled nmethods': size=259264Kb used=7523Kb max_used=7523Kb free=251741Kb
 bounds [0x000001d231490000, 0x000001d231bf0000, 0x000001d2411c0000]
CodeHeap 'profiled nmethods': size=259264Kb used=21936Kb max_used=21936Kb free=237327Kb
 bounds [0x000001d2211c0000, 0x000001d222730000, 0x000001d230ef0000]
CodeHeap 'non-nmethods': size=5760Kb used=2756Kb max_used=2811Kb free=3003Kb
 bounds [0x000001d230ef0000, 0x000001d2311c0000, 0x000001d231490000]
CodeCache: size=524288Kb, used=32215Kb, max_used=32270Kb, free=492071Kb
 total_blobs=12523, nmethods=11513, adapters=914, full_count=0
Compilation: enabled, stopped_count=0, restarted_count=0

Compilation events (20 events):
Event: 42.115 Thread 0x000001d24db1db10 13713       3       org.gradle.api.internal.artifacts.configurations.DefaultConfiguration::setCanBeResolved (18 bytes)
Event: 42.115 Thread 0x000001d24db1db10 nmethod 13713 0x000001d22271bd90 code [0x000001d22271bf60, 0x000001d22271c238]
Event: 42.115 Thread 0x000001d24db1db10 13714       3       org.gradle.api.internal.collections.DefaultCollectionEventRegister::subscribe (62 bytes)
Event: 42.116 Thread 0x000001d24db1db10 nmethod 13714 0x000001d22271c310 code [0x000001d22271c520, 0x000001d22271cd98]
Event: 42.116 Thread 0x000001d24db1db10 13715       3       java.lang.invoke.LambdaForm$MH/0x000001d250cdc800::invoke (226 bytes)
Event: 42.136 Thread 0x000001d24db1db10 nmethod 13715 0x000001d22271d010 code [0x000001d22271dc00, 0x000001d2227260e0]
Event: 42.136 Thread 0x000001d24db1db10 13717       3       org.gradle.api.internal.artifacts.configurations.DefaultUnlockedConfiguration_Decorated$$Lambda/0x000001d25065afe0::run (8 bytes)
Event: 42.137 Thread 0x000001d24db1db10 nmethod 13717 0x000001d22272a890 code [0x000001d22272aaa0, 0x000001d22272b2b0]
Event: 42.137 Thread 0x000001d24db1db10 13718       3       org.gradle.api.internal.artifacts.configurations.DefaultUnlockedConfiguration_Decorated::$gradleInitWork (19 bytes)
Event: 42.137 Thread 0x000001d24db1db10 nmethod 13718 0x000001d22272b510 code [0x000001d22272b720, 0x000001d22272beb8]
Event: 42.138 Thread 0x000001d24db1db10 13719       3       org.gradle.api.internal.artifacts.configurations.DefaultUnlockedConfiguration_Decorated::$gradleInitAttach (1 bytes)
Event: 42.138 Thread 0x000001d24db1db10 nmethod 13719 0x000001d221ccfe10 code [0x000001d221ccffa0, 0x000001d221cd00a8]
Event: 42.138 Thread 0x000001d24db1db10 13720       3       org.gradle.api.internal.artifacts.configurations.DefaultUnlockedConfiguration::<init> (53 bytes)
Event: 42.138 Thread 0x000001d24db1db10 nmethod 13720 0x000001d22272c110 code [0x000001d22272c2c0, 0x000001d22272c530]
Event: 42.138 Thread 0x000001d24db1db10 13721       1       java.lang.ClassLoader::findResource (2 bytes)
Event: 42.139 Thread 0x000001d24db1db10 nmethod 13721 0x000001d231be0010 code [0x000001d231be01a0, 0x000001d231be0270]
Event: 42.139 Thread 0x000001d24db1db10 13716       1       com.android.build.gradle.internal.dsl.BuildType::getName (5 bytes)
Event: 42.139 Thread 0x000001d24db1db10 nmethod 13716 0x000001d231be0310 code [0x000001d231be04a0, 0x000001d231be0570]
Event: 42.169 Thread 0x000001d24db1db10 13722       2       java.util.ComparableTimSort::binarySort (223 bytes)
Event: 42.170 Thread 0x000001d24db1db10 nmethod 13722 0x000001d22272c690 code [0x000001d22272c880, 0x000001d22272cf90]

GC Heap History (20 events):
Event: 31.142 GC heap before
{Heap before GC invocations=32 (full 0):
 garbage-first heap   total 180224K, used 149606K [0x0000000600000000, 0x0000000800000000)
  region size 4096K, 13 young (53248K), 2 survivors (8192K)
 Metaspace       used 87508K, committed 89664K, reserved 1179648K
  class space    used 12616K, committed 13696K, reserved 1048576K
}
Event: 31.150 GC heap after
{Heap after GC invocations=33 (full 0):
 garbage-first heap   total 180224K, used 104072K [0x0000000600000000, 0x0000000800000000)
  region size 4096K, 1 young (4096K), 1 survivors (4096K)
 Metaspace       used 87508K, committed 89664K, reserved 1179648K
  class space    used 12616K, committed 13696K, reserved 1048576K
}
Event: 32.282 GC heap before
{Heap before GC invocations=33 (full 0):
 garbage-first heap   total 180224K, used 157320K [0x0000000600000000, 0x0000000800000000)
  region size 4096K, 14 young (57344K), 1 survivors (4096K)
 Metaspace       used 89352K, committed 91584K, reserved 1179648K
  class space    used 12854K, committed 13952K, reserved 1048576K
}
Event: 32.291 GC heap after
{Heap after GC invocations=34 (full 0):
 garbage-first heap   total 180224K, used 108968K [0x0000000600000000, 0x0000000800000000)
  region size 4096K, 2 young (8192K), 2 survivors (8192K)
 Metaspace       used 89352K, committed 91584K, reserved 1179648K
  class space    used 12854K, committed 13952K, reserved 1048576K
}
Event: 33.611 GC heap before
{Heap before GC invocations=35 (full 0):
 garbage-first heap   total 184320K, used 158120K [0x0000000600000000, 0x0000000800000000)
  region size 4096K, 14 young (57344K), 2 survivors (8192K)
 Metaspace       used 92947K, committed 95296K, reserved 1179648K
  class space    used 13435K, committed 14592K, reserved 1048576K
}
Event: 33.618 GC heap after
{Heap after GC invocations=36 (full 0):
 garbage-first heap   total 184320K, used 111505K [0x0000000600000000, 0x0000000800000000)
  region size 4096K, 1 young (4096K), 1 survivors (4096K)
 Metaspace       used 92947K, committed 95296K, reserved 1179648K
  class space    used 13435K, committed 14592K, reserved 1048576K
}
Event: 35.013 GC heap before
{Heap before GC invocations=36 (full 0):
 garbage-first heap   total 184320K, used 164753K [0x0000000600000000, 0x0000000800000000)
  region size 4096K, 14 young (57344K), 1 survivors (4096K)
 Metaspace       used 96976K, committed 99264K, reserved 1179648K
  class space    used 14050K, committed 15232K, reserved 1048576K
}
Event: 35.021 GC heap after
{Heap after GC invocations=37 (full 0):
 garbage-first heap   total 184320K, used 111571K [0x0000000600000000, 0x0000000800000000)
  region size 4096K, 1 young (4096K), 1 survivors (4096K)
 Metaspace       used 96976K, committed 99264K, reserved 1179648K
  class space    used 14050K, committed 15232K, reserved 1048576K
}
Event: 36.596 GC heap before
{Heap before GC invocations=37 (full 0):
 garbage-first heap   total 184320K, used 164819K [0x0000000600000000, 0x0000000800000000)
  region size 4096K, 14 young (57344K), 1 survivors (4096K)
 Metaspace       used 100214K, committed 102592K, reserved 1179648K
  class space    used 14506K, committed 15680K, reserved 1048576K
}
Event: 36.605 GC heap after
{Heap after GC invocations=38 (full 0):
 garbage-first heap   total 184320K, used 114370K [0x0000000600000000, 0x0000000800000000)
  region size 4096K, 2 young (8192K), 2 survivors (8192K)
 Metaspace       used 100214K, committed 102592K, reserved 1179648K
  class space    used 14506K, committed 15680K, reserved 1048576K
}
Event: 38.344 GC heap before
{Heap before GC invocations=39 (full 0):
 garbage-first heap   total 200704K, used 159426K [0x0000000600000000, 0x0000000800000000)
  region size 4096K, 14 young (57344K), 2 survivors (8192K)
 Metaspace       used 101888K, committed 104320K, reserved 1179648K
  class space    used 14617K, committed 15808K, reserved 1048576K
}
Event: 38.354 GC heap after
{Heap after GC invocations=40 (full 0):
 garbage-first heap   total 200704K, used 119812K [0x0000000600000000, 0x0000000800000000)
  region size 4096K, 2 young (8192K), 2 survivors (8192K)
 Metaspace       used 101888K, committed 104320K, reserved 1179648K
  class space    used 14617K, committed 15808K, reserved 1048576K
}
Event: 38.765 GC heap before
{Heap before GC invocations=40 (full 0):
 garbage-first heap   total 200704K, used 177156K [0x0000000600000000, 0x0000000800000000)
  region size 4096K, 17 young (69632K), 2 survivors (8192K)
 Metaspace       used 101908K, committed 104320K, reserved 1179648K
  class space    used 14617K, committed 15808K, reserved 1048576K
}
Event: 38.775 GC heap after
{Heap after GC invocations=41 (full 0):
 garbage-first heap   total 200704K, used 120568K [0x0000000600000000, 0x0000000800000000)
  region size 4096K, 2 young (8192K), 2 survivors (8192K)
 Metaspace       used 101908K, committed 104320K, reserved 1179648K
  class space    used 14617K, committed 15808K, reserved 1048576K
}
Event: 39.614 GC heap before
{Heap before GC invocations=41 (full 0):
 garbage-first heap   total 200704K, used 177912K [0x0000000600000000, 0x0000000800000000)
  region size 4096K, 17 young (69632K), 2 survivors (8192K)
 Metaspace       used 103502K, committed 105856K, reserved 1179648K
  class space    used 14832K, committed 16000K, reserved 1048576K
}
Event: 39.626 GC heap after
{Heap after GC invocations=42 (full 0):
 garbage-first heap   total 200704K, used 128663K [0x0000000600000000, 0x0000000800000000)
  region size 4096K, 3 young (12288K), 3 survivors (12288K)
 Metaspace       used 103502K, committed 105856K, reserved 1179648K
  class space    used 14832K, committed 16000K, reserved 1048576K
}
Event: 41.095 GC heap before
{Heap before GC invocations=43 (full 0):
 garbage-first heap   total 221184K, used 173719K [0x0000000600000000, 0x0000000800000000)
  region size 4096K, 15 young (61440K), 3 survivors (12288K)
 Metaspace       used 104407K, committed 106816K, reserved 1179648K
  class space    used 15011K, committed 16256K, reserved 1048576K
}
Event: 41.131 GC heap after
{Heap after GC invocations=44 (full 0):
 garbage-first heap   total 266240K, used 135534K [0x0000000600000000, 0x0000000800000000)
  region size 4096K, 2 young (8192K), 2 survivors (8192K)
 Metaspace       used 104407K, committed 106816K, reserved 1179648K
  class space    used 15011K, committed 16256K, reserved 1048576K
}
Event: 41.877 GC heap before
{Heap before GC invocations=44 (full 0):
 garbage-first heap   total 266240K, used 229742K [0x0000000600000000, 0x0000000800000000)
  region size 4096K, 26 young (106496K), 2 survivors (8192K)
 Metaspace       used 104414K, committed 106880K, reserved 1179648K
  class space    used 15011K, committed 16256K, reserved 1048576K
}
Event: 41.890 GC heap after
{Heap after GC invocations=45 (full 0):
 garbage-first heap   total 266240K, used 138244K [0x0000000600000000, 0x0000000800000000)
  region size 4096K, 3 young (12288K), 3 survivors (12288K)
 Metaspace       used 104414K, committed 106880K, reserved 1179648K
  class space    used 15011K, committed 16256K, reserved 1048576K
}

Dll operation events (15 events):
Event: 0.015 Loaded shared library C:\Users\Ashen\.vscode\extensions\redhat.java-1.53.0-win32-x64\jre\21.0.10-win32-x86_64\bin\java.dll
Event: 0.117 Loaded shared library C:\Users\Ashen\.vscode\extensions\redhat.java-1.53.0-win32-x64\jre\21.0.10-win32-x86_64\bin\zip.dll
Event: 0.155 Loaded shared library C:\Users\Ashen\.vscode\extensions\redhat.java-1.53.0-win32-x64\jre\21.0.10-win32-x86_64\bin\instrument.dll
Event: 0.164 Loaded shared library C:\Users\Ashen\.vscode\extensions\redhat.java-1.53.0-win32-x64\jre\21.0.10-win32-x86_64\bin\net.dll
Event: 0.168 Loaded shared library C:\Users\Ashen\.vscode\extensions\redhat.java-1.53.0-win32-x64\jre\21.0.10-win32-x86_64\bin\nio.dll
Event: 0.175 Loaded shared library C:\Users\Ashen\.vscode\extensions\redhat.java-1.53.0-win32-x64\jre\21.0.10-win32-x86_64\bin\zip.dll
Event: 0.668 Loaded shared library C:\Users\Ashen\.vscode\extensions\redhat.java-1.53.0-win32-x64\jre\21.0.10-win32-x86_64\bin\jimage.dll
Event: 0.966 Loaded shared library C:\Users\Ashen\.vscode\extensions\redhat.java-1.53.0-win32-x64\jre\21.0.10-win32-x86_64\bin\verify.dll
Event: 1.242 Loaded shared library C:\Users\Ashen\.gradle\native\1def1411415f61bf3af743bc5b6707747c0891f09f0c88961ee8f79bc544acac\windows-amd64\native-platform.dll
Event: 1.256 Loaded shared library C:\Users\Ashen\.gradle\native\0.2.5\x86_64-windows-gnu\gradle-fileevents.dll
Event: 3.369 Loaded shared library C:\Users\Ashen\.vscode\extensions\redhat.java-1.53.0-win32-x64\jre\21.0.10-win32-x86_64\bin\management.dll
Event: 3.376 Loaded shared library C:\Users\Ashen\.vscode\extensions\redhat.java-1.53.0-win32-x64\jre\21.0.10-win32-x86_64\bin\management_ext.dll
Event: 3.707 Loaded shared library C:\Users\Ashen\.vscode\extensions\redhat.java-1.53.0-win32-x64\jre\21.0.10-win32-x86_64\bin\extnet.dll
Event: 3.941 Loaded shared library C:\Users\Ashen\.vscode\extensions\redhat.java-1.53.0-win32-x64\jre\21.0.10-win32-x86_64\bin\sunmscapi.dll
Event: 5.488 Loaded shared library C:\Users\Ashen\AppData\Local\Temp\native-platform14166592033386496874dir\gradle-fileevents.dll

Deoptimization events (20 events):
Event: 40.832 Thread 0x000001d29571e660 Uncommon trap: trap_request=0xffffff45 fr.pc=0x000001d231b28684 relative=0x0000000000000544
Event: 40.832 Thread 0x000001d29571e660 Uncommon trap: reason=unstable_if action=reinterpret pc=0x000001d231b28684 method=com.esotericsoftware.kryo.io.Output.writeString(Ljava/lang/String;)V @ 39 c2
Event: 40.832 Thread 0x000001d29571e660 DEOPT PACKING pc=0x000001d231b28684 sp=0x0000004b935f82f0
Event: 40.832 Thread 0x000001d29571e660 DEOPT UNPACKING pc=0x000001d230f44422 sp=0x0000004b935f8298 mode 2
Event: 41.219 Thread 0x000001d29571e660 Uncommon trap: trap_request=0xffffff76 fr.pc=0x000001d231a62f70 relative=0x0000000000000810
Event: 41.220 Thread 0x000001d29571e660 Uncommon trap: reason=predicate action=maybe_recompile pc=0x000001d231a62f70 method=java.util.ComparableTimSort.binarySort([Ljava/lang/Object;III)V @ 34 c2
Event: 41.220 Thread 0x000001d29571e660 DEOPT PACKING pc=0x000001d231a62f70 sp=0x0000004b935f80f0
Event: 41.220 Thread 0x000001d29571e660 DEOPT UNPACKING pc=0x000001d230f44422 sp=0x0000004b935f8098 mode 2
Event: 41.445 Thread 0x000001d296647040 Uncommon trap: trap_request=0xffffff45 fr.pc=0x000001d231953908 relative=0x00000000000001e8
Event: 41.445 Thread 0x000001d296647040 Uncommon trap: reason=unstable_if action=reinterpret pc=0x000001d231953908 method=java.util.concurrent.locks.AbstractQueuedSynchronizer.hasQueuedPredecessors()Z @ 26 c2
Event: 41.445 Thread 0x000001d296647040 DEOPT PACKING pc=0x000001d231953908 sp=0x0000004b97ffce10
Event: 41.445 Thread 0x000001d296647040 DEOPT UNPACKING pc=0x000001d230f44422 sp=0x0000004b97ffcd58 mode 2
Event: 41.813 Thread 0x000001d296644f70 Uncommon trap: trap_request=0xffffff45 fr.pc=0x000001d2319473fc relative=0x00000000000000dc
Event: 41.813 Thread 0x000001d296644f70 Uncommon trap: reason=unstable_if action=reinterpret pc=0x000001d2319473fc method=java.util.concurrent.locks.AbstractQueuedSynchronizer.hasQueuedPredecessors()Z @ 33 c2
Event: 41.813 Thread 0x000001d296644f70 DEOPT PACKING pc=0x000001d2319473fc sp=0x0000004b979fccf0
Event: 41.813 Thread 0x000001d296644f70 DEOPT UNPACKING pc=0x000001d230f44422 sp=0x0000004b979fcc70 mode 2
Event: 42.084 Thread 0x000001d29571e660 Uncommon trap: trap_request=0xffffffc6 fr.pc=0x000001d2315f6b9c relative=0x000000000000125c
Event: 42.084 Thread 0x000001d29571e660 Uncommon trap: reason=bimorphic_or_optimized_type_check action=maybe_recompile pc=0x000001d2315f6b9c method=java.util.concurrent.ConcurrentHashMap.putVal(Ljava/lang/Object;Ljava/lang/Object;Z)Ljava/lang/Object; @ 159 c2
Event: 42.084 Thread 0x000001d29571e660 DEOPT PACKING pc=0x000001d2315f6b9c sp=0x0000004b935f8470
Event: 42.084 Thread 0x000001d29571e660 DEOPT UNPACKING pc=0x000001d230f44422 sp=0x0000004b935f8420 mode 2

Classes loaded (20 events):
Event: 37.143 Loading class java/util/AbstractCollectionCustomizer
Event: 37.143 Loading class java/util/AbstractCollectionCustomizer done
Event: 37.143 Loading class java/util/AbstractCollectionCustomizer
Event: 37.143 Loading class java/util/AbstractCollectionCustomizer done
Event: 37.146 Loading class sun/reflect/generics/reflectiveObjects/GenericArrayTypeImpl
Event: 37.146 Loading class sun/reflect/generics/reflectiveObjects/GenericArrayTypeImpl done
Event: 39.031 Loading class java/lang/StackTraceElement$HashedModules
Event: 39.031 Loading class java/lang/StackTraceElement$HashedModules done
Event: 39.113 Loading class java/io/CharArrayReader
Event: 39.114 Loading class java/io/CharArrayReader done
Event: 39.530 Loading class java/lang/EnumBeanInfo
Event: 39.530 Loading class java/lang/EnumBeanInfo done
Event: 39.531 Loading class java/lang/EnumBeanInfo
Event: 39.531 Loading class java/lang/EnumBeanInfo done
Event: 39.531 Loading class java/lang/EnumCustomizer
Event: 39.531 Loading class java/lang/EnumCustomizer done
Event: 39.532 Loading class java/lang/EnumCustomizer
Event: 39.532 Loading class java/lang/EnumCustomizer done
Event: 39.819 Loading class java/beans/IntrospectionException
Event: 39.819 Loading class java/beans/IntrospectionException done

Classes unloaded (0 events):
No events

Classes redefined (0 events):
No events

Internal exceptions (20 events):
Event: 40.395 Thread 0x000001d29571e660 Exception <a 'java/lang/ClassNotFoundException'{0x000000060b0abc88}: build_aykuxflyvwlal6yb5g07u59v1BeanInfo> (0x000000060b0abc88) 
thrown [s\src\hotspot\share\classfile\systemDictionary.cpp, line 312]
Event: 40.396 Thread 0x000001d29571e660 Exception <a 'java/lang/ClassNotFoundException'{0x000000060b0b2910}: build_aykuxflyvwlal6yb5g07u59v1Customizer> (0x000000060b0b2910) 
thrown [s\src\hotspot\share\classfile\systemDictionary.cpp, line 312]
Event: 40.442 Thread 0x000001d29571e660 Exception <a 'java/lang/ClassNotFoundException'{0x000000060b18a938}: org/gradle/api/internal/artifacts/repositories/DefaultMavenArtifactRepository_DecoratedBeanInfo> (0x000000060b18a938) 
thrown [s\src\hotspot\share\classfile\systemDictionary.cpp, line 312]
Event: 40.445 Thread 0x000001d29571e660 Exception <a 'java/lang/ClassNotFoundException'{0x000000060b1a2bc8}: org/gradle/api/internal/artifacts/repositories/DefaultMavenArtifactRepositoryBeanInfo> (0x000000060b1a2bc8) 
thrown [s\src\hotspot\share\classfile\systemDictionary.cpp, line 312]
Event: 40.448 Thread 0x000001d29571e660 Exception <a 'java/lang/ClassNotFoundException'{0x000000060b1bbd08}: org/gradle/api/internal/artifacts/repositories/AbstractAuthenticationSupportedRepositoryBeanInfo> (0x000000060b1bbd08) 
thrown [s\src\hotspot\share\classfile\systemDictionary.cpp, line 312]
Event: 40.452 Thread 0x000001d29571e660 Exception <a 'java/lang/ClassNotFoundException'{0x000000060b1d53c0}: org/gradle/api/internal/artifacts/repositories/AbstractResolutionAwareArtifactRepositoryBeanInfo> (0x000000060b1d53c0) 
thrown [s\src\hotspot\share\classfile\systemDictionary.cpp, line 312]
Event: 40.456 Thread 0x000001d29571e660 Exception <a 'java/lang/ClassNotFoundException'{0x000000060b1ef420}: org/gradle/api/internal/artifacts/repositories/AbstractArtifactRepositoryBeanInfo> (0x000000060b1ef420) 
thrown [s\src\hotspot\share\classfile\systemDictionary.cpp, line 312]
Event: 40.458 Thread 0x000001d29571e660 Exception <a 'java/lang/ClassNotFoundException'{0x000000060b208700}: org/gradle/api/internal/artifacts/repositories/AbstractArtifactRepositoryCustomizer> (0x000000060b208700) 
thrown [s\src\hotspot\share\classfile\systemDictionary.cpp, line 312]
Event: 40.465 Thread 0x000001d29571e660 Exception <a 'java/lang/ClassNotFoundException'{0x000000060b245f60}: org/gradle/api/internal/artifacts/repositories/AbstractResolutionAwareArtifactRepositoryCustomizer> (0x000000060b245f60) 
thrown [s\src\hotspot\share\classfile\systemDictionary.cpp, line 312]
Event: 40.470 Thread 0x000001d29571e660 Exception <a 'java/lang/ClassNotFoundException'{0x000000060b269a30}: org/gradle/api/internal/artifacts/repositories/AbstractAuthenticationSupportedRepositoryCustomizer> (0x000000060b269a30) 
thrown [s\src\hotspot\share\classfile\systemDictionary.cpp, line 312]
Event: 40.476 Thread 0x000001d29571e660 Exception <a 'java/lang/ClassNotFoundException'{0x000000060b297060}: org/gradle/api/internal/artifacts/repositories/DefaultMavenArtifactRepositoryCustomizer> (0x000000060b297060) 
thrown [s\src\hotspot\share\classfile\systemDictionary.cpp, line 312]
Event: 40.480 Thread 0x000001d29571e660 Exception <a 'java/lang/ClassNotFoundException'{0x000000060b2c9928}: org/gradle/api/internal/artifacts/repositories/DefaultMavenArtifactRepository_DecoratedCustomizer> (0x000000060b2c9928) 
thrown [s\src\hotspot\share\classfile\systemDictionary.cpp, line 312]
Event: 40.518 Thread 0x000001d29571e660 Exception <a 'java/lang/ClassNotFoundException'{0x000000060b3ed258}: groovy/lang/GString$1BeanInfo> (0x000000060b3ed258) 
thrown [s\src\hotspot\share\classfile\systemDictionary.cpp, line 312]
Event: 40.520 Thread 0x000001d29571e660 Exception <a 'java/lang/ClassNotFoundException'{0x000000060b3ff918}: groovy/lang/GStringBeanInfo> (0x000000060b3ff918) 
thrown [s\src\hotspot\share\classfile\systemDictionary.cpp, line 312]
Event: 40.524 Thread 0x000001d29571e660 Exception <a 'java/lang/ClassNotFoundException'{0x000000060ac12218}: groovy/lang/GStringCustomizer> (0x000000060ac12218) 
thrown [s\src\hotspot\share\classfile\systemDictionary.cpp, line 312]
Event: 40.529 Thread 0x000001d29571e660 Exception <a 'java/lang/ClassNotFoundException'{0x000000060ac30ab0}: groovy/lang/GString$1Customizer> (0x000000060ac30ab0) 
thrown [s\src\hotspot\share\classfile\systemDictionary.cpp, line 312]
Event: 40.544 Thread 0x000001d29571e660 Exception <a 'java/lang/ClassNotFoundException'{0x000000060ad37f50}: org/codehaus/groovy/runtime/GStringImplBeanInfo> (0x000000060ad37f50) 
thrown [s\src\hotspot\share\classfile\systemDictionary.cpp, line 312]
Event: 40.546 Thread 0x000001d29571e660 Exception <a 'java/lang/ClassNotFoundException'{0x000000060ad4b108}: org/codehaus/groovy/runtime/GStringImplCustomizer> (0x000000060ad4b108) 
thrown [s\src\hotspot\share\classfile\systemDictionary.cpp, line 312]
Event: 42.031 Thread 0x000001d29571e660 Exception <a 'java/lang/ClassNotFoundException'{0x000000060ec9c150}: build_aykuxflyvwlal6yb5g07u59v1BeanInfo> (0x000000060ec9c150) 
thrown [s\src\hotspot\share\classfile\systemDictionary.cpp, line 312]
Event: 42.032 Thread 0x000001d29571e660 Exception <a 'java/lang/ClassNotFoundException'{0x000000060eca2d70}: build_aykuxflyvwlal6yb5g07u59v1Customizer> (0x000000060eca2d70) 
thrown [s\src\hotspot\share\classfile\systemDictionary.cpp, line 312]

ZGC Phase Switch (0 events):
No events

VM Operations (20 events):
Event: 37.802 Executing safepoint VM operation: ICBufferFull
Event: 37.802 Executing safepoint VM operation: ICBufferFull done
Event: 38.344 Executing safepoint VM operation: G1CollectForAllocation (G1 Evacuation Pause)
Event: 38.354 Executing safepoint VM operation: G1CollectForAllocation (G1 Evacuation Pause) done
Event: 38.764 Executing safepoint VM operation: G1CollectForAllocation (G1 Evacuation Pause)
Event: 38.775 Executing safepoint VM operation: G1CollectForAllocation (G1 Evacuation Pause) done
Event: 39.614 Executing safepoint VM operation: G1CollectForAllocation (G1 Evacuation Pause)
Event: 39.626 Executing safepoint VM operation: G1CollectForAllocation (G1 Evacuation Pause) done
Event: 39.740 Executing safepoint VM operation: G1PauseRemark
Event: 39.755 Executing safepoint VM operation: G1PauseRemark done
Event: 39.796 Executing safepoint VM operation: G1PauseCleanup
Event: 39.796 Executing safepoint VM operation: G1PauseCleanup done
Event: 40.756 Executing safepoint VM operation: ICBufferFull
Event: 40.756 Executing safepoint VM operation: ICBufferFull done
Event: 41.095 Executing safepoint VM operation: G1CollectForAllocation (G1 Evacuation Pause)
Event: 41.131 Executing safepoint VM operation: G1CollectForAllocation (G1 Evacuation Pause) done
Event: 41.876 Executing safepoint VM operation: G1CollectForAllocation (G1 Evacuation Pause)
Event: 41.890 Executing safepoint VM operation: G1CollectForAllocation (G1 Evacuation Pause) done
Event: 42.894 Executing safepoint VM operation: Cleanup
Event: 42.894 Executing safepoint VM operation: Cleanup done

Memory protections (0 events):
No events

Nmethod flushes (20 events):
Event: 39.753 Thread 0x000001d24dae61c0 flushing  nmethod 0x000001d221da6090
Event: 39.753 Thread 0x000001d24dae61c0 flushing  nmethod 0x000001d221e8fd10
Event: 39.753 Thread 0x000001d24dae61c0 flushing  nmethod 0x000001d222199a10
Event: 39.753 Thread 0x000001d24dae61c0 flushing  nmethod 0x000001d2221e4b10
Event: 39.753 Thread 0x000001d24dae61c0 flushing  nmethod 0x000001d2221e9810
Event: 39.753 Thread 0x000001d24dae61c0 flushing  nmethod 0x000001d222234290
Event: 39.753 Thread 0x000001d24dae61c0 flushing  nmethod 0x000001d221237210
Event: 39.753 Thread 0x000001d24dae61c0 flushing  nmethod 0x000001d221270410
Event: 39.753 Thread 0x000001d24dae61c0 flushing  nmethod 0x000001d221270890
Event: 39.753 Thread 0x000001d24dae61c0 flushing  nmethod 0x000001d2213eae90
Event: 39.753 Thread 0x000001d24dae61c0 flushing  nmethod 0x000001d221421290
Event: 39.753 Thread 0x000001d24dae61c0 flushing  nmethod 0x000001d22189ec90
Event: 39.753 Thread 0x000001d24dae61c0 flushing  nmethod 0x000001d221a6f310
Event: 39.753 Thread 0x000001d24dae61c0 flushing  nmethod 0x000001d221a93910
Event: 39.753 Thread 0x000001d24dae61c0 flushing  nmethod 0x000001d221aaa090
Event: 39.753 Thread 0x000001d24dae61c0 flushing  nmethod 0x000001d221cbff90
Event: 39.753 Thread 0x000001d24dae61c0 flushing  nmethod 0x000001d221d4a290
Event: 39.753 Thread 0x000001d24dae61c0 flushing  nmethod 0x000001d221d67290
Event: 39.753 Thread 0x000001d24dae61c0 flushing  nmethod 0x000001d221d67a90
Event: 39.753 Thread 0x000001d24dae61c0 flushing  nmethod 0x000001d221d81410

Events (20 events):
Event: 37.812 Thread 0x000001d29571e660 Thread added: 0x000001d299d57640
Event: 37.813 Thread 0x000001d29571e660 Thread added: 0x000001d299d57cd0
Event: 37.813 Thread 0x000001d29571e660 Thread added: 0x000001d299d58360
Event: 37.813 Thread 0x000001d29571e660 Thread added: 0x000001d299d54ee0
Event: 37.814 Thread 0x000001d29571e660 Thread added: 0x000001d299d5aac0
Event: 38.228 Thread 0x000001d29571e660 Thread added: 0x000001d299d5a430
Event: 38.230 Thread 0x000001d29571e660 Thread added: 0x000001d299d59710
Event: 38.231 Thread 0x000001d29571e660 Thread added: 0x000001d299d5b7e0
Event: 38.233 Thread 0x000001d29571e660 Thread added: 0x000001d299d59080
Event: 38.235 Thread 0x000001d29571e660 Thread added: 0x000001d299d5be70
Event: 38.237 Thread 0x000001d29571e660 Thread added: 0x000001d299d59da0
Event: 38.239 Thread 0x000001d29571e660 Thread added: 0x000001d299d5b150
Event: 38.240 Thread 0x000001d29571e660 Thread added: 0x000001d299d589f0
Event: 38.338 Thread 0x000001d24db1db10 Thread added: 0x000001d299022350
Event: 38.414 Thread 0x000001d24db1db10 Thread added: 0x000001d2990237c0
Event: 39.006 Thread 0x000001d29571e660 Thread added: 0x000001d299d5c500
Event: 39.176 Thread 0x000001d29571e660 Thread added: 0x000001d299d5e5d0
Event: 39.298 Thread 0x000001d2990237c0 Thread exited: 0x000001d2990237c0
Event: 40.377 Thread 0x000001d29571e660 Thread added: 0x000001d29b000220
Event: 42.016 Thread 0x000001d29571e660 Thread added: 0x000001d29b001c60


Dynamic libraries:
0x00007ff6d7ba0000 - 0x00007ff6d7bae000 	C:\Users\Ashen\.vscode\extensions\redhat.java-1.53.0-win32-x64\jre\21.0.10-win32-x86_64\bin\java.exe
0x00007ffa31520000 - 0x00007ffa31788000 	C:\WINDOWS\SYSTEM32\ntdll.dll
0x00007ffa2fd10000 - 0x00007ffa2fdd9000 	C:\WINDOWS\System32\KERNEL32.DLL
0x00007ffa2e7c0000 - 0x00007ffa2ebb2000 	C:\WINDOWS\System32\KERNELBASE.dll
0x00007ffa2ecf0000 - 0x00007ffa2ee3b000 	C:\WINDOWS\System32\ucrtbase.dll
0x00007ff9d3e20000 - 0x00007ff9d3e38000 	C:\Users\Ashen\.vscode\extensions\redhat.java-1.53.0-win32-x64\jre\21.0.10-win32-x86_64\bin\jli.dll
0x00007ffa30900000 - 0x00007ffa30ac5000 	C:\WINDOWS\System32\USER32.dll
0x00007ff9df6f0000 - 0x00007ff9df70e000 	C:\Users\Ashen\.vscode\extensions\redhat.java-1.53.0-win32-x64\jre\21.0.10-win32-x86_64\bin\VCRUNTIME140.dll
0x00007ffa2f080000 - 0x00007ffa2f0a7000 	C:\WINDOWS\System32\win32u.dll
0x00007ffa1bf80000 - 0x00007ffa1c213000 	C:\WINDOWS\WinSxS\amd64_microsoft.windows.common-controls_6595b64144ccf1df_6.0.26100.6899_none_3e0efeeae32e88c1\COMCTL32.dll
0x00007ffa31400000 - 0x00007ffa314a9000 	C:\WINDOWS\System32\msvcrt.dll
0x00007ffa2fce0000 - 0x00007ffa2fd0b000 	C:\WINDOWS\System32\GDI32.dll
0x00007ffa2ebc0000 - 0x00007ffa2eced000 	C:\WINDOWS\System32\gdi32full.dll
0x00007ffa2e710000 - 0x00007ffa2e7b3000 	C:\WINDOWS\System32\msvcp_win.dll
0x00007ffa30dd0000 - 0x00007ffa30dff000 	C:\WINDOWS\System32\IMM32.DLL
0x00007ffa1fd40000 - 0x00007ffa1fd4c000 	C:\Users\Ashen\.vscode\extensions\redhat.java-1.53.0-win32-x64\jre\21.0.10-win32-x86_64\bin\vcruntime140_1.dll
0x00007ff9c8f50000 - 0x00007ff9c8fdd000 	C:\Users\Ashen\.vscode\extensions\redhat.java-1.53.0-win32-x64\jre\21.0.10-win32-x86_64\bin\msvcp140.dll
0x00007ff98dbe0000 - 0x00007ff98e981000 	C:\Users\Ashen\.vscode\extensions\redhat.java-1.53.0-win32-x64\jre\21.0.10-win32-x86_64\bin\server\jvm.dll
0x00007ffa2f7e0000 - 0x00007ffa2f894000 	C:\WINDOWS\System32\ADVAPI32.dll
0x00007ffa2f320000 - 0x00007ffa2f3c6000 	C:\WINDOWS\System32\sechost.dll
0x00007ffa30ad0000 - 0x00007ffa30be8000 	C:\WINDOWS\System32\RPCRT4.dll
0x00007ffa30870000 - 0x00007ffa308e4000 	C:\WINDOWS\System32\WS2_32.dll
0x00007ffa2e430000 - 0x00007ffa2e48e000 	C:\WINDOWS\SYSTEM32\POWRPROF.dll
0x00007ffa27890000 - 0x00007ffa278c5000 	C:\WINDOWS\SYSTEM32\WINMM.dll
0x00007ffa278d0000 - 0x00007ffa278db000 	C:\WINDOWS\SYSTEM32\VERSION.dll
0x00007ffa2e410000 - 0x00007ffa2e424000 	C:\WINDOWS\SYSTEM32\UMPDC.dll
0x00007ffa2d450000 - 0x00007ffa2d46b000 	C:\WINDOWS\SYSTEM32\kernel.appcore.dll
0x00007ffa1fcf0000 - 0x00007ffa1fcfa000 	C:\Users\Ashen\.vscode\extensions\redhat.java-1.53.0-win32-x64\jre\21.0.10-win32-x86_64\bin\jimage.dll
0x00007ffa2be30000 - 0x00007ffa2c072000 	C:\WINDOWS\SYSTEM32\DBGHELP.DLL
0x00007ffa2f960000 - 0x00007ffa2fcdb000 	C:\WINDOWS\System32\combase.dll
0x00007ffa2f3d0000 - 0x00007ffa2f4a7000 	C:\WINDOWS\System32\OLEAUT32.dll
0x00007ffa1c420000 - 0x00007ffa1c45c000 	C:\WINDOWS\SYSTEM32\dbgcore.DLL
0x00007ffa2f220000 - 0x00007ffa2f2b8000 	C:\WINDOWS\System32\bcryptPrimitives.dll
0x00007ffa15e50000 - 0x00007ffa15e5f000 	C:\Users\Ashen\.vscode\extensions\redhat.java-1.53.0-win32-x64\jre\21.0.10-win32-x86_64\bin\instrument.dll
0x00007ff9daed0000 - 0x00007ff9daef0000 	C:\Users\Ashen\.vscode\extensions\redhat.java-1.53.0-win32-x64\jre\21.0.10-win32-x86_64\bin\java.dll
0x00007ffa2fde0000 - 0x00007ffa3052d000 	C:\WINDOWS\System32\SHELL32.dll
0x00007ffa2f0b0000 - 0x00007ffa2f21b000 	C:\WINDOWS\System32\wintypes.dll
0x00007ffa2c2c0000 - 0x00007ffa2cb1d000 	C:\WINDOWS\SYSTEM32\windows.storage.dll
0x00007ffa2f5a0000 - 0x00007ffa2f692000 	C:\WINDOWS\System32\SHCORE.dll
0x00007ffa30530000 - 0x00007ffa30592000 	C:\WINDOWS\System32\shlwapi.dll
0x00007ffa2e5a0000 - 0x00007ffa2e5c9000 	C:\WINDOWS\SYSTEM32\profapi.dll
0x00007ff9dadd0000 - 0x00007ff9dade8000 	C:\Users\Ashen\.vscode\extensions\redhat.java-1.53.0-win32-x64\jre\21.0.10-win32-x86_64\bin\zip.dll
0x00007ffa16240000 - 0x00007ffa16250000 	C:\Users\Ashen\.vscode\extensions\redhat.java-1.53.0-win32-x64\jre\21.0.10-win32-x86_64\bin\net.dll
0x00007ffa24e40000 - 0x00007ffa24f5f000 	C:\WINDOWS\SYSTEM32\WINHTTP.dll
0x00007ffa2d9c0000 - 0x00007ffa2da2b000 	C:\WINDOWS\system32\mswsock.dll
0x00007ff9d3e00000 - 0x00007ff9d3e16000 	C:\Users\Ashen\.vscode\extensions\redhat.java-1.53.0-win32-x64\jre\21.0.10-win32-x86_64\bin\nio.dll
0x00007ffa10ea0000 - 0x00007ffa10eb0000 	C:\Users\Ashen\.vscode\extensions\redhat.java-1.53.0-win32-x64\jre\21.0.10-win32-x86_64\bin\verify.dll
0x00007ff9d2890000 - 0x00007ff9d28b7000 	C:\Users\Ashen\.gradle\native\1def1411415f61bf3af743bc5b6707747c0891f09f0c88961ee8f79bc544acac\windows-amd64\native-platform.dll
0x00000000711e0000 - 0x0000000071253000 	C:\Users\Ashen\.gradle\native\0.2.5\x86_64-windows-gnu\gradle-fileevents.dll
0x00007ffa0b0b0000 - 0x00007ffa0b0ba000 	C:\Users\Ashen\.vscode\extensions\redhat.java-1.53.0-win32-x64\jre\21.0.10-win32-x86_64\bin\management.dll
0x00007ffa0af20000 - 0x00007ffa0af2c000 	C:\Users\Ashen\.vscode\extensions\redhat.java-1.53.0-win32-x64\jre\21.0.10-win32-x86_64\bin\management_ext.dll
0x00007ffa308f0000 - 0x00007ffa308f8000 	C:\WINDOWS\System32\PSAPI.DLL
0x00007ffa2dc80000 - 0x00007ffa2dc9b000 	C:\WINDOWS\SYSTEM32\CRYPTSP.dll
0x00007ffa2d3b0000 - 0x00007ffa2d3eb000 	C:\WINDOWS\system32\rsaenh.dll
0x00007ffa2da60000 - 0x00007ffa2da8b000 	C:\WINDOWS\SYSTEM32\USERENV.dll
0x00007ffa2e570000 - 0x00007ffa2e596000 	C:\WINDOWS\SYSTEM32\bcrypt.dll
0x00007ffa2dc70000 - 0x00007ffa2dc7c000 	C:\WINDOWS\SYSTEM32\CRYPTBASE.dll
0x00007ffa2ce20000 - 0x00007ffa2ce54000 	C:\WINDOWS\SYSTEM32\IPHLPAPI.DLL
0x00007ffa305c0000 - 0x00007ffa305ca000 	C:\WINDOWS\System32\NSI.dll
0x00007ffa0a8b0000 - 0x00007ffa0a8b9000 	C:\Users\Ashen\.vscode\extensions\redhat.java-1.53.0-win32-x64\jre\21.0.10-win32-x86_64\bin\extnet.dll
0x00007ffa0f1f0000 - 0x00007ffa0f1fe000 	C:\Users\Ashen\.vscode\extensions\redhat.java-1.53.0-win32-x64\jre\21.0.10-win32-x86_64\bin\sunmscapi.dll
0x00007ffa2ef00000 - 0x00007ffa2f077000 	C:\WINDOWS\System32\CRYPT32.dll
0x00007ffa2de90000 - 0x00007ffa2dec0000 	C:\WINDOWS\SYSTEM32\ncrypt.dll
0x00007ffa2de40000 - 0x00007ffa2de7f000 	C:\WINDOWS\SYSTEM32\NTASN1.dll
0x00007ffa15f30000 - 0x00007ffa15f38000 	C:\WINDOWS\system32\wshunix.dll
0x0000000070f90000 - 0x0000000071003000 	C:\Users\Ashen\AppData\Local\Temp\native-platform14166592033386496874dir\gradle-fileevents.dll
0x00007ffa186d0000 - 0x00007ffa186e8000 	C:\WINDOWS\system32\napinsp.dll
0x00007ffa2ce60000 - 0x00007ffa2cf86000 	C:\WINDOWS\SYSTEM32\DNSAPI.dll
0x00007ffa186b0000 - 0x00007ffa186c2000 	C:\WINDOWS\System32\winrnr.dll
0x00007ffa17c90000 - 0x00007ffa17cb8000 	C:\WINDOWS\system32\nlansp_c.dll
0x00007ffa17c70000 - 0x00007ffa17c86000 	C:\WINDOWS\system32\wshbth.dll
0x00007ffa21b30000 - 0x00007ffa21b3b000 	C:\Windows\System32\rasadhlp.dll
0x00007ffa24400000 - 0x00007ffa24486000 	C:\WINDOWS\System32\fwpuclnt.dll

JVMTI agents:
C:\Users\Ashen\.gradle\wrapper\dists\gradle-8.12-all\ejduaidbjup3bmmkhw3rie4zb\gradle-8.12\lib\agents\gradle-instrumentation-agent-8.12.jar path:C:\Users\Ashen\.vscode\extensions\redhat.java-1.53.0-win32-x64\jre\21.0.10-win32-x86_64\bin\instrument.dll, loaded, initialized, instrumentlib options:none

dbghelp: loaded successfully - version: 4.0.5 - missing functions: none
symbol engine: initialized successfully - sym options: 0x614 - pdb path: .;C:\Users\Ashen\.vscode\extensions\redhat.java-1.53.0-win32-x64\jre\21.0.10-win32-x86_64\bin;C:\WINDOWS\SYSTEM32;C:\WINDOWS\WinSxS\amd64_microsoft.windows.common-controls_6595b64144ccf1df_6.0.26100.6899_none_3e0efeeae32e88c1;C:\Users\Ashen\.vscode\extensions\redhat.java-1.53.0-win32-x64\jre\21.0.10-win32-x86_64\bin\server;C:\Users\Ashen\.gradle\native\1def1411415f61bf3af743bc5b6707747c0891f09f0c88961ee8f79bc544acac\windows-amd64;C:\Users\Ashen\.gradle\native\0.2.5\x86_64-windows-gnu;C:\Users\Ashen\AppData\Local\Temp\native-platform14166592033386496874dir

VM Arguments:
jvm_args: --add-opens=java.base/java.lang=ALL-UNNAMED --add-opens=java.base/java.lang.invoke=ALL-UNNAMED --add-opens=java.base/java.util=ALL-UNNAMED --add-opens=java.prefs/java.util.prefs=ALL-UNNAMED --add-exports=jdk.compiler/com.sun.tools.javac.api=ALL-UNNAMED --add-exports=jdk.compiler/com.sun.tools.javac.util=ALL-UNNAMED --add-opens=java.base/java.util=ALL-UNNAMED --add-opens=java.prefs/java.util.prefs=ALL-UNNAMED --add-opens=java.base/java.nio.charset=ALL-UNNAMED --add-opens=java.base/java.net=ALL-UNNAMED --add-opens=java.base/java.util.concurrent.atomic=ALL-UNNAMED --add-opens=java.xml/javax.xml.namespace=ALL-UNNAMED -XX:MaxMetaspaceSize=4G -XX:ReservedCodeCacheSize=512m -XX:+HeapDumpOnOutOfMemoryError -Xmx8G -Dfile.encoding=UTF-8 -Duser.country=GB -Duser.language=en -Duser.variant -javaagent:C:\Users\Ashen\.gradle\wrapper\dists\gradle-8.12-all\ejduaidbjup3bmmkhw3rie4zb\gradle-8.12\lib\agents\gradle-instrumentation-agent-8.12.jar 
java_command: org.gradle.launcher.daemon.bootstrap.GradleDaemon 8.12
java_class_path (initial): C:\Users\Ashen\.gradle\wrapper\dists\gradle-8.12-all\ejduaidbjup3bmmkhw3rie4zb\gradle-8.12\lib\gradle-daemon-main-8.12.jar
Launcher Type: SUN_STANDARD

[Global flags]
     intx CICompilerCount                          = 4                                         {product} {ergonomic}
     uint ConcGCThreads                            = 3                                         {product} {ergonomic}
     uint G1ConcRefinementThreads                  = 10                                        {product} {ergonomic}
   size_t G1HeapRegionSize                         = 4194304                                   {product} {ergonomic}
    uintx GCDrainStackTargetSize                   = 64                                        {product} {ergonomic}
     bool HeapDumpOnOutOfMemoryError               = true                                   {manageable} {command line}
   size_t InitialHeapSize                          = 260046848                                 {product} {ergonomic}
   size_t MarkStackSize                            = 4194304                                   {product} {ergonomic}
   size_t MaxHeapSize                              = 8589934592                                {product} {command line}
   size_t MaxMetaspaceSize                         = 4294967296                                {product} {command line}
   size_t MaxNewSize                               = 5150605312                                {product} {ergonomic}
   size_t MinHeapDeltaBytes                        = 4194304                                   {product} {ergonomic}
   size_t MinHeapSize                              = 8388608                                   {product} {ergonomic}
    uintx NonNMethodCodeHeapSize                   = 5839372                                {pd product} {ergonomic}
    uintx NonProfiledCodeHeapSize                  = 265515770                              {pd product} {ergonomic}
    uintx ProfiledCodeHeapSize                     = 265515770                              {pd product} {ergonomic}
    uintx ReservedCodeCacheSize                    = 536870912                              {pd product} {command line}
     bool SegmentedCodeCache                       = true                                      {product} {ergonomic}
   size_t SoftMaxHeapSize                          = 8589934592                             {manageable} {ergonomic}
     bool UseCompressedOops                        = true                           {product lp64_product} {ergonomic}
     bool UseG1GC                                  = true                                      {product} {ergonomic}
     bool UseLargePagesIndividualAllocation        = false                                  {pd product} {ergonomic}

Logging:
Log output configuration:
 #0: stdout all=warning uptime,level,tags foldmultilines=false
 #1: stderr all=off uptime,level,tags foldmultilines=false

Release file:
JAVA_VERSION="21.0.10" 
MODULES="java.base java.compiler java.datatransfer java.xml java.prefs java.desktop java.instrument java.logging java.management java.security.sasl java.naming java.rmi java.management.rmi java.net.http java.scripting java.security.jgss java.transaction.xa java.sql java.sql.rowset java.xml.crypto java.se java.smartcardio jdk.accessibility jdk.internal.jvmstat jdk.attach jdk.charsets jdk.internal.opt jdk.zipfs jdk.compiler jdk.crypto.ec jdk.crypto.cryptoki jdk.crypto.mscapi jdk.dynalink jdk.internal.ed jdk.editpad jdk.hotspot.agent jdk.httpserver jdk.internal.le jdk.internal.vm.ci jdk.internal.vm.compiler jdk.internal.vm.compiler.management jdk.jartool jdk.javadoc jdk.jcmd jdk.management jdk.management.agent jdk.jconsole jdk.jdeps jdk.jdwp.agent jdk.jdi jdk.jfr jdk.jshell jdk.jsobject jdk.jstatd jdk.localedata jdk.management.jfr jdk.naming.dns jdk.naming.rmi jdk.net jdk.nio.mapmode jdk.random jdk.sctp jdk.security.auth jdk.security.jgss jdk.unsupported jdk.unsupported.desktop jdk.xml.dom" 

Environment Variables:
PATH=C:\Program Files\Microsoft\jdk-21.0.8.9-hotspot\bin;C:\Program Files (x86)\VMware\VMware Workstation\bin\;C:\Program Files\Common Files\Oracle\Java\javapath;C:\app\Ashen\product\21c\dbhomeXE\bin;C:\ProgramData\Oracle\Java\javapath;C:\Program Files\Microsoft\jdk-11.0.16.101-hotspot\bin;C:\WINDOWS\system32;C:\WINDOWS;C:\WINDOWS\System32\Wbem;C:\WINDOWS\System32\WindowsPowerShell\v1.0\;C:\WINDOWS\System32\OpenSSH\;C:\Program Files (x86)\dotnet\;C:\Program Files\Azure Data Studio\bin;C:\ProgramData\chocolatey\bin;C:\Program Files\nodejs\;C:\Users\Ashen\AppData\Local\Programs\Python\Python313\Scripts;C:\Users\Ashen\AppData\Local\Programs\Python\Python313;C:\Program Files\Git\cmd;C:\Users\Ashen\AppData\Local\Programs\Python\Python311\Scripts\;C:\Users\Ashen\AppData\Local\Programs\Python\Python311\;C:\Users\Ashen\AppData\Local\Programs\Python\Launcher\;C:\Users\Ashen\AppData\Local\Microsoft\WindowsApps;C:\Program Files\Azure Data Studio\bin;C:\Users\Ashen\AppData\Local\Programs\Microsoft VS Code\bin;C:\Users\Ashen\AppData\Roaming\npm;C:\Users\Ashen\AppData\Local\GitHubDesktop\bin;C:\Users\Ashen\AppData\Local\Programs\Python\Python313;C:\Users\Ashen\AppData\Local\Programs\Python\Python313\Scripts;C:\Users\Ashen\Downloads\flutter\bin;C:\Users\Ashen\AppData\Local\Programs\Antigravity\bin
USERNAME=Ashen
OS=Windows_NT
PROCESSOR_IDENTIFIER=AMD64 Family 23 Model 104 Stepping 1, AuthenticAMD
TMP=C:\Users\Ashen\AppData\Local\Temp
TEMP=C:\Users\Ashen\AppData\Local\Temp




Periodic native trim disabled

---------------  S Y S T E M  ---------------

OS:
 Windows 11 , 64 bit Build 26100 (10.0.26100.6725)
OS uptime: 7 days 16:09 hours
Hyper-V role detected

CPU: total 12 (initial active 12) (12 cores per cpu, 2 threads per core) family 23 model 104 stepping 1 microcode 0x8608104, cx8, cmov, fxsr, ht, mmx, 3dnowpref, sse, sse2, sse3, ssse3, sse4a, sse4.1, sse4.2, popcnt, lzcnt, tsc, tscinvbit, avx, avx2, aes, clmul, bmi1, bmi2, adx, sha, fma, vzeroupper, clflush, clflushopt, hv, rdtscp, rdpid, f16c
Processor Information for the first 12 processors :
  Max Mhz: 2100, Current Mhz: 1988, Mhz Limit: 2100

Memory: 4k page, system-wide physical 15753M (1406M free)
TotalPageFile size 29321M (AvailPageFile size 60M)
current process WorkingSet (physical memory assigned to process): 572M, peak: 573M
current process commit charge ("private bytes"): 616M, peak: 616M

vm_info: OpenJDK 64-Bit Server VM (21.0.10+7-LTS) for windows-amd64 JRE (21.0.10+7-LTS), built on 2026-01-20T00:00:00Z by "admin" with MS VC++ 17.12 (VS2022)

END.
